interactions:
- request:
    body: '{"url": "https://odysseypa.traviscountytx.gov/JPPublicAccess/default.aspx"}'
    headers:
      Accept:
      - application/json
      Connection:
      - keep-alive
      Content-Type:
      - application/json;charset=UTF-8
      User-Agent:
      - selenium/3.14.0 (python mac)
    method: POST
    uri: http://127.0.0.1:56028/session/8478fb61a155d2a721b7a5748723b5b0/url
  response:
    body:
      string: '{"value":null}'
    headers:
      Content-Length:
      - '14'
      Content-Type:
      - application/json; charset=utf-8
      cache-control:
      - no-cache
    status:
      code: 200
      message: OK
- request:
    body: '{"using": "link text", "value": "Civil, Family & Probate Case Records"}'
    headers:
      Accept:
      - application/json
      Connection:
      - keep-alive
      Content-Type:
      - application/json;charset=UTF-8
      User-Agent:
      - selenium/3.14.0 (python mac)
    method: POST
    uri: http://127.0.0.1:56028/session/8478fb61a155d2a721b7a5748723b5b0/element
  response:
    body:
      string: '{"value":{"element-6066-11e4-a52e-4f735466cecf":"103f23ba-2efc-44a0-960f-45fe498984c9"}}'
    headers:
      Content-Length:
      - '88'
      Content-Type:
      - application/json; charset=utf-8
      cache-control:
      - no-cache
    status:
      code: 200
      message: OK
- request:
    body: '{"id": "103f23ba-2efc-44a0-960f-45fe498984c9"}'
    headers:
      Accept:
      - application/json
      Connection:
      - keep-alive
      Content-Type:
      - application/json;charset=UTF-8
      User-Agent:
      - selenium/3.14.0 (python mac)
    method: POST
    uri: http://127.0.0.1:56028/session/8478fb61a155d2a721b7a5748723b5b0/element/103f23ba-2efc-44a0-960f-45fe498984c9/click
  response:
    body:
      string: '{"value":null}'
    headers:
      Content-Length:
      - '14'
      Content-Type:
      - application/json; charset=utf-8
      cache-control:
      - no-cache
    status:
      code: 200
      message: OK
- request:
    body: '{"using": "css selector", "value": "[id=\"Case\"]"}'
    headers:
      Accept:
      - application/json
      Connection:
      - keep-alive
      Content-Type:
      - application/json;charset=UTF-8
      User-Agent:
      - selenium/3.14.0 (python mac)
    method: POST
    uri: http://127.0.0.1:56028/session/8478fb61a155d2a721b7a5748723b5b0/element
  response:
    body:
      string: '{"value":{"element-6066-11e4-a52e-4f735466cecf":"736fb536-7c57-4ad2-aa0a-f176edb597fc"}}'
    headers:
      Content-Length:
      - '88'
      Content-Type:
      - application/json; charset=utf-8
      cache-control:
      - no-cache
    status:
      code: 200
      message: OK
- request:
    body: '{"id": "736fb536-7c57-4ad2-aa0a-f176edb597fc"}'
    headers:
      Accept:
      - application/json
      Connection:
      - keep-alive
      Content-Type:
      - application/json;charset=UTF-8
      User-Agent:
      - selenium/3.14.0 (python mac)
    method: POST
    uri: http://127.0.0.1:56028/session/8478fb61a155d2a721b7a5748723b5b0/element/736fb536-7c57-4ad2-aa0a-f176edb597fc/click
  response:
    body:
      string: '{"value":null}'
    headers:
      Content-Length:
      - '14'
      Content-Type:
      - application/json; charset=utf-8
      cache-control:
      - no-cache
    status:
      code: 200
      message: OK
- request:
    body: '{"using": "css selector", "value": "[id=\"DateFiledOnAfter\"]"}'
    headers:
      Accept:
      - application/json
      Connection:
      - keep-alive
      Content-Type:
      - application/json;charset=UTF-8
      User-Agent:
      - selenium/3.14.0 (python mac)
    method: POST
    uri: http://127.0.0.1:56028/session/8478fb61a155d2a721b7a5748723b5b0/element
  response:
    body:
      string: '{"value":{"element-6066-11e4-a52e-4f735466cecf":"5bffdd61-26e1-4f70-9458-25776a7c8890"}}'
    headers:
      Content-Length:
      - '88'
      Content-Type:
      - application/json; charset=utf-8
      cache-control:
      - no-cache
    status:
      code: 200
      message: OK
- request:
    body: '{"id": "5bffdd61-26e1-4f70-9458-25776a7c8890"}'
    headers:
      Accept:
      - application/json
      Connection:
      - keep-alive
      Content-Type:
      - application/json;charset=UTF-8
      User-Agent:
      - selenium/3.14.0 (python mac)
    method: POST
    uri: http://127.0.0.1:56028/session/8478fb61a155d2a721b7a5748723b5b0/element/5bffdd61-26e1-4f70-9458-25776a7c8890/clear
  response:
    body:
      string: '{"value":null}'
    headers:
      Content-Length:
      - '14'
      Content-Type:
      - application/json; charset=utf-8
      cache-control:
      - no-cache
    status:
      code: 200
      message: OK
- request:
    body: '{"text": "6/1/2020", "value": ["6", "/", "1", "/", "2", "0", "2", "0"],
      "id": "5bffdd61-26e1-4f70-9458-25776a7c8890"}'
    headers:
      Accept:
      - application/json
      Connection:
      - keep-alive
      Content-Type:
      - application/json;charset=UTF-8
      User-Agent:
      - selenium/3.14.0 (python mac)
    method: POST
    uri: http://127.0.0.1:56028/session/8478fb61a155d2a721b7a5748723b5b0/element/5bffdd61-26e1-4f70-9458-25776a7c8890/value
  response:
    body:
      string: '{"value":null}'
    headers:
      Content-Length:
      - '14'
      Content-Type:
      - application/json; charset=utf-8
      cache-control:
      - no-cache
    status:
      code: 200
      message: OK
- request:
    body: '{"using": "css selector", "value": "[id=\"DateFiledOnBefore\"]"}'
    headers:
      Accept:
      - application/json
      Connection:
      - keep-alive
      Content-Type:
      - application/json;charset=UTF-8
      User-Agent:
      - selenium/3.14.0 (python mac)
    method: POST
    uri: http://127.0.0.1:56028/session/8478fb61a155d2a721b7a5748723b5b0/element
  response:
    body:
      string: '{"value":{"element-6066-11e4-a52e-4f735466cecf":"afc64ef4-d387-4b07-b6b8-41f8ed55643f"}}'
    headers:
      Content-Length:
      - '88'
      Content-Type:
      - application/json; charset=utf-8
      cache-control:
      - no-cache
    status:
      code: 200
      message: OK
- request:
    body: '{"id": "afc64ef4-d387-4b07-b6b8-41f8ed55643f"}'
    headers:
      Accept:
      - application/json
      Connection:
      - keep-alive
      Content-Type:
      - application/json;charset=UTF-8
      User-Agent:
      - selenium/3.14.0 (python mac)
    method: POST
    uri: http://127.0.0.1:56028/session/8478fb61a155d2a721b7a5748723b5b0/element/afc64ef4-d387-4b07-b6b8-41f8ed55643f/clear
  response:
    body:
      string: '{"value":null}'
    headers:
      Content-Length:
      - '14'
      Content-Type:
      - application/json; charset=utf-8
      cache-control:
      - no-cache
    status:
      code: 200
      message: OK
- request:
    body: '{"text": "6/30/2020", "value": ["6", "/", "3", "0", "/", "2", "0", "2",
      "0"], "id": "afc64ef4-d387-4b07-b6b8-41f8ed55643f"}'
    headers:
      Accept:
      - application/json
      Connection:
      - keep-alive
      Content-Type:
      - application/json;charset=UTF-8
      User-Agent:
      - selenium/3.14.0 (python mac)
    method: POST
    uri: http://127.0.0.1:56028/session/8478fb61a155d2a721b7a5748723b5b0/element/afc64ef4-d387-4b07-b6b8-41f8ed55643f/value
  response:
    body:
      string: '{"value":null}'
    headers:
      Content-Length:
      - '14'
      Content-Type:
      - application/json; charset=utf-8
      cache-control:
      - no-cache
    status:
      code: 200
      message: OK
- request:
    body: '{"using": "css selector", "value": "[id=\"CaseSearchValue\"]"}'
    headers:
      Accept:
      - application/json
      Connection:
      - keep-alive
      Content-Type:
      - application/json;charset=UTF-8
      User-Agent:
      - selenium/3.14.0 (python mac)
    method: POST
    uri: http://127.0.0.1:56028/session/8478fb61a155d2a721b7a5748723b5b0/element
  response:
    body:
      string: '{"value":{"element-6066-11e4-a52e-4f735466cecf":"62b5acf9-6451-4b10-80bb-bd87ade5ddde"}}'
    headers:
      Content-Length:
      - '88'
      Content-Type:
      - application/json; charset=utf-8
      cache-control:
      - no-cache
    status:
      code: 200
      message: OK
- request:
    body: '{"id": "62b5acf9-6451-4b10-80bb-bd87ade5ddde"}'
    headers:
      Accept:
      - application/json
      Connection:
      - keep-alive
      Content-Type:
      - application/json;charset=UTF-8
      User-Agent:
      - selenium/3.14.0 (python mac)
    method: POST
    uri: http://127.0.0.1:56028/session/8478fb61a155d2a721b7a5748723b5b0/element/62b5acf9-6451-4b10-80bb-bd87ade5ddde/clear
  response:
    body:
      string: '{"value":null}'
    headers:
      Content-Length:
      - '14'
      Content-Type:
      - application/json; charset=utf-8
      cache-control:
      - no-cache
    status:
      code: 200
      message: OK
- request:
    body: '{"text": "J1-CV-20*", "value": ["J", "1", "-", "C", "V", "-", "2", "0",
      "*"], "id": "62b5acf9-6451-4b10-80bb-bd87ade5ddde"}'
    headers:
      Accept:
      - application/json
      Connection:
      - keep-alive
      Content-Type:
      - application/json;charset=UTF-8
      User-Agent:
      - selenium/3.14.0 (python mac)
    method: POST
    uri: http://127.0.0.1:56028/session/8478fb61a155d2a721b7a5748723b5b0/element/62b5acf9-6451-4b10-80bb-bd87ade5ddde/value
  response:
    body:
      string: '{"value":null}'
    headers:
      Content-Length:
      - '14'
      Content-Type:
      - application/json; charset=utf-8
      cache-control:
      - no-cache
    status:
      code: 200
      message: OK
- request:
    body: '{"using": "css selector", "value": "[id=\"SearchSubmit\"]"}'
    headers:
      Accept:
      - application/json
      Connection:
      - keep-alive
      Content-Type:
      - application/json;charset=UTF-8
      User-Agent:
      - selenium/3.14.0 (python mac)
    method: POST
    uri: http://127.0.0.1:56028/session/8478fb61a155d2a721b7a5748723b5b0/element
  response:
    body:
      string: '{"value":{"element-6066-11e4-a52e-4f735466cecf":"94d589dc-e1cc-46ce-b6e6-e6fe7ec7a88c"}}'
    headers:
      Content-Length:
      - '88'
      Content-Type:
      - application/json; charset=utf-8
      cache-control:
      - no-cache
    status:
      code: 200
      message: OK
- request:
    body: '{"id": "94d589dc-e1cc-46ce-b6e6-e6fe7ec7a88c"}'
    headers:
      Accept:
      - application/json
      Connection:
      - keep-alive
      Content-Type:
      - application/json;charset=UTF-8
      User-Agent:
      - selenium/3.14.0 (python mac)
    method: POST
    uri: http://127.0.0.1:56028/session/8478fb61a155d2a721b7a5748723b5b0/element/94d589dc-e1cc-46ce-b6e6-e6fe7ec7a88c/click
  response:
    body:
      string: '{"value":null}'
    headers:
      Content-Length:
      - '14'
      Content-Type:
      - application/json; charset=utf-8
      cache-control:
      - no-cache
    status:
      code: 200
      message: OK
- request:
    body: null
    headers:
      Accept:
      - application/json
      Connection:
      - keep-alive
      Content-Type:
      - application/json;charset=UTF-8
      User-Agent:
      - selenium/3.14.0 (python mac)
    method: GET
    uri: http://127.0.0.1:56028/session/8478fb61a155d2a721b7a5748723b5b0/source
  response:
    body:
      string: '{"value":"\u003Chtml>\u003Chead>\n    \u003Clink rel=\"stylesheet\"
        type=\"text/css\" href=\"CSS/PublicAccess.css\">\n  \u003C/head>\n  \u003Cbody>\n    \u003C!--?xml
        version=\"1.0\" encoding=\"utf-8\"?-->\u003Ctable cellspacing=\"0\" cellpadding=\"0\"
        width=\"100%\" border=\"0\" style=\"table-layout: fixed; margin:0px; padding:0px;\"
        xmlns:msxsl=\"urn:schemas-microsoft-com:xslt\" xmlns:publicaccessuser=\"urn:PublicAccessUser\">\u003Ctbody>\u003Ctr>\u003Ctd
        class=\"ssHeaderTitleBanner\">Civil, Family &amp; Probate Case Records Search
        Results\u003C/td>\u003C/tr>\u003C/tbody>\u003C/table>\u003Ctable cellspacing=\"0\"
        cellpadding=\"0\" width=\"100%\" border=\"0\" style=\"table-layout: fixed;
        margin:0px; padding:0px;\" xmlns:msxsl=\"urn:schemas-microsoft-com:xslt\"
        xmlns:publicaccessuser=\"urn:PublicAccessUser\">\u003Ctbody>\u003Ctr>\u003Ctd
        bgcolor=\"#000000\" height=\"20px\">\u003Ctable cellspacing=\"0\" cellpadding=\"0\"
        width=\"100%\" border=\"0\">\u003Ctbody>\u003Ctr>\u003Ctd align=\"left\" style=\"padding-left:
        5px\">\u003Cfont size=\"1\">\u003Ca class=\"ssBlackNavBarHyperlink\" href=\"#MainContent\">Skip
        to Main Content\u003C/a>&nbsp;\u003Ca class=\"ssBlackNavBarHyperlink\" href=\"logout.aspx\">Logout\u003C/a>&nbsp;\u003Ca
        class=\"ssBlackNavBarHyperlink\" href=\"MyAccount.aspx?ReturnURL=default.aspx\">My
        Account\u003C/a>&nbsp;\u003Ca class=\"ssBlackNavBarHyperlink\" href=\"default.aspx\">Search
        Menu\u003C/a>&nbsp;\u003Ca class=\"ssBlackNavBarHyperlink\" href=\"Search.aspx?ID=200\">New
        Civil Search\u003C/a>&nbsp;\u003Ca class=\"ssBlackNavBarHyperlink\" href=\"Search.aspx?ID=200&amp;RefineSearch=1\">Refine
        Search\u003C/a>&nbsp;\u003C/font>\u003C/td>\u003Ctd align=\"center\" class=\"ssBlackNavBarLocation\">\u003C/td>\u003Ctd
        align=\"right\" style=\"padding-right: 10px\">\u003Ctable cellspacing=\"0\"
        cellpadding=\"0\" border=\"0\">\u003Ctbody>\u003Ctr>\u003Ctd class=\"ssBlackNavBarLocation\">\n                          Location
        : All Courts\u003C/td>\u003Ctd>\u003Cfont size=\"1\">\u003Ca class=\"ssBlackNavBarHyperlink\"
        target=\"_blank\" href=\"help.aspx\">Help\u003C/a>\u003C/font>\u003C/td>\u003C/tr>\u003C/tbody>\u003C/table>\u003C/td>\u003C/tr>\u003C/tbody>\u003C/table>\u003C/td>\u003C/tr>\u003C/tbody>\u003C/table>\u003Ca
        id=\"MainContent\" name=\"MainContent\" tabindex=\"-1\" xmlns:msxsl=\"urn:schemas-microsoft-com:xslt\"
        xmlns:user=\"http://www.tylertechnologies.com\" xmlns:publicaccessuser=\"urn:PublicAccessUser\">\u003C/a>\u003Ctable
        border=\"0\" cellpadding=\"0\" cellspacing=\"0\" width=\"100%\" style=\"table-layout:
        fixed; font-size: 8pt; font-family: arial\" xmlns:msxsl=\"urn:schemas-microsoft-com:xslt\"
        xmlns:user=\"http://www.tylertechnologies.com\" xmlns:publicaccessuser=\"urn:PublicAccessUser\">\u003Ctbody>\u003Ctr>\u003Ctd
        style=\"width:85px;\">\u003Cb>Record Count: \u003C/b>\u003C/td>\u003Ctd style=\"text-align:left;\">\u003Cb>200\u003C/b>\u003C/td>\u003C/tr>\u003Ctr>\u003Ctd
        id=\"SearchParamList\" colspan=\"2\">\u003Cb>Search By:\u003C/b> Case&nbsp;&nbsp;&nbsp;\u003Cb>Exact
        Name:\u003C/b> on&nbsp;&nbsp;&nbsp;\u003Cb>Case Search Mode:\u003C/b> Number&nbsp;&nbsp;&nbsp;\u003Cb>Case
        Number:\u003C/b> J1-CV-20*&nbsp;&nbsp;&nbsp;\u003Cb>All\u003C/b> All&nbsp;&nbsp;&nbsp;\u003Cb>Date
        Filed On or After:\u003C/b> 6/1/2020&nbsp;&nbsp;&nbsp;\u003Cb>Date Filed On
        or Before:\u003C/b> 6/30/2020&nbsp;&nbsp;&nbsp;\u003Cb>Sort By:\u003C/b> Filed
        Date&nbsp;&nbsp;&nbsp;\u003C/td>\u003C/tr>\u003C/tbody>\u003C/table>\u003Ctable
        border=\"0\" cellpadding=\"2\" cellspacing=\"0\" width=\"100%\" style=\"font-size:
        8pt; font-family: arial\" xmlns:msxsl=\"urn:schemas-microsoft-com:xslt\" xmlns:user=\"http://www.tylertechnologies.com\"
        xmlns:publicaccessuser=\"urn:PublicAccessUser\">\u003Ccolgroup>\u003Ccol width=\"25%\">\u003Ccol
        width=\"35%\">\u003Ccol width=\"20%\">\u003Ccol width=\"20%\">\u003C/colgroup>\u003Ctbody>\u003Ctr>\u003Cth
        class=\"ssSearchResultHeader\" nowrap=\"true\">\u003Cb>Case Number\u003C/b>\u003C/th>\u003Cth
        class=\"ssSearchResultHeader\" nowrap=\"true\">\u003Cb>Style\u003C/b>\u003C/th>\u003Cth
        class=\"ssSearchResultHeader\" nowrap=\"true\">\u003Cb>Filed/Location\u003C/b>\u003C/th>\u003Cth
        class=\"ssSearchResultHeader\" nowrap=\"true\">\u003Cb>Type\u003C/b>\u003Cb>/Status\u003C/b>\u003C/th>\u003C/tr>\u003Ctr>\u003Ctd
        colspan=\"4\" align=\"center\" style=\"color:#FF4040\">\u003Cb>--- The search
        resulted in too many matches to display.  Narrow the search by entering more
        precise criteria. ---\u003C/b>\u003C/td>\u003C/tr>\u003Ctr>\u003Ctd nowrap=\"true\"
        valign=\"top\">\u003Ca href=\"CaseDetail.aspx?CaseID=2288519\" style=\"color:
        blue\">J1-CV-20-001772\u003C/a>\u003C/td>\u003Ctd valign=\"top\">age1 property
        management vs. Ghulam Farid\u003C/td>\u003Ctd valign=\"top\" nowrap=\"true\">\u003Cdiv>06/01/2020\u003C/div>\u003Cdiv>Precinct
        One\u003C/div>\u003C/td>\u003Ctd valign=\"top\" nowrap=\"true\">\u003Cdiv>Eviction\u003C/div>\u003Cdiv>Dismissed\u003C/div>\u003C/td>\u003C/tr>\u003Ctr
        bgcolor=\"#EEEEEE\">\u003Ctd nowrap=\"true\" valign=\"top\">\u003Ca href=\"CaseDetail.aspx?CaseID=2288520\"
        style=\"color: blue\">J1-CV-20-001773\u003C/a>\u003C/td>\u003Ctd valign=\"top\">Housing
        Authority of the City of Austin - Pathways Asset Management vs. Regenia Byrd-Pleasant\u003C/td>\u003Ctd
        valign=\"top\" nowrap=\"true\">\u003Cdiv>06/01/2020\u003C/div>\u003Cdiv>Precinct
        One\u003C/div>\u003C/td>\u003Ctd valign=\"top\" nowrap=\"true\">\u003Cdiv>Eviction\u003C/div>\u003Cdiv>Appealed\u003C/div>\u003C/td>\u003C/tr>\u003Ctr>\u003Ctd
        nowrap=\"true\" valign=\"top\">\u003Ca href=\"CaseDetail.aspx?CaseID=2288513\"
        style=\"color: blue\">J1-CV-20-001766\u003C/a>\u003C/td>\u003Ctd valign=\"top\">Craig
        Carlson vs. Venture Outfitter, Inc\u003C/td>\u003Ctd valign=\"top\" nowrap=\"true\">\u003Cdiv>06/02/2020\u003C/div>\u003Cdiv>Precinct
        One\u003C/div>\u003C/td>\u003Ctd valign=\"top\" nowrap=\"true\">\u003Cdiv>Small
        Claims\u003C/div>\u003Cdiv>Dismissed\u003C/div>\u003C/td>\u003C/tr>\u003Ctr
        bgcolor=\"#EEEEEE\">\u003Ctd nowrap=\"true\" valign=\"top\">\u003Ca href=\"CaseDetail.aspx?CaseID=2288514\"
        style=\"color: blue\">J1-CV-20-001767\u003C/a>\u003C/td>\u003Ctd valign=\"top\">MIDLAND
        FUNDING LLC vs. LUDIVINA AGUIRRE\u003C/td>\u003Ctd valign=\"top\" nowrap=\"true\">\u003Cdiv>06/02/2020\u003C/div>\u003Cdiv>Precinct
        One\u003C/div>\u003C/td>\u003Ctd valign=\"top\" nowrap=\"true\">\u003Cdiv>Debt
        Claim\u003C/div>\u003Cdiv>Active\u003C/div>\u003C/td>\u003C/tr>\u003Ctr>\u003Ctd
        nowrap=\"true\" valign=\"top\">\u003Ca href=\"CaseDetail.aspx?CaseID=2288515\"
        style=\"color: blue\">J1-CV-20-001768\u003C/a>\u003C/td>\u003Ctd valign=\"top\">Credit
        Corp Solutions Inc. vs. Marisela Reyes\u003C/td>\u003Ctd valign=\"top\" nowrap=\"true\">\u003Cdiv>06/02/2020\u003C/div>\u003Cdiv>Precinct
        One\u003C/div>\u003C/td>\u003Ctd valign=\"top\" nowrap=\"true\">\u003Cdiv>Debt
        Claim\u003C/div>\u003Cdiv>Active\u003C/div>\u003C/td>\u003C/tr>\u003Ctr bgcolor=\"#EEEEEE\">\u003Ctd
        nowrap=\"true\" valign=\"top\">\u003Ca href=\"CaseDetail.aspx?CaseID=2288516\"
        style=\"color: blue\">J1-CV-20-001769\u003C/a>\u003C/td>\u003Ctd valign=\"top\">MIDLAND
        CREDIT MANAGEMENT, INC. vs. ROBERT L GREEN\u003C/td>\u003Ctd valign=\"top\"
        nowrap=\"true\">\u003Cdiv>06/02/2020\u003C/div>\u003Cdiv>Precinct One\u003C/div>\u003C/td>\u003Ctd
        valign=\"top\" nowrap=\"true\">\u003Cdiv>Debt Claim\u003C/div>\u003Cdiv>Active\u003C/div>\u003C/td>\u003C/tr>\u003Ctr>\u003Ctd
        nowrap=\"true\" valign=\"top\">\u003Ca href=\"CaseDetail.aspx?CaseID=2288517\"
        style=\"color: blue\">J1-CV-20-001770\u003C/a>\u003C/td>\u003Ctd valign=\"top\">MIDLAND
        CREDIT MANAGEMENT, INC. vs. GERALD HOLIDAY\u003C/td>\u003Ctd valign=\"top\"
        nowrap=\"true\">\u003Cdiv>06/02/2020\u003C/div>\u003Cdiv>Precinct One\u003C/div>\u003C/td>\u003Ctd
        valign=\"top\" nowrap=\"true\">\u003Cdiv>Debt Claim\u003C/div>\u003Cdiv>Active\u003C/div>\u003C/td>\u003C/tr>\u003Ctr
        bgcolor=\"#EEEEEE\">\u003Ctd nowrap=\"true\" valign=\"top\">\u003Ca href=\"CaseDetail.aspx?CaseID=2288518\"
        style=\"color: blue\">J1-CV-20-001771\u003C/a>\u003C/td>\u003Ctd valign=\"top\">Velocity
        Investments LLC ASSIGNEE OF LENDINGCLUB CORPORATION ASSIGNEE OF WEBBANK vs.
        Edgar Diaz\u003C/td>\u003Ctd valign=\"top\" nowrap=\"true\">\u003Cdiv>06/02/2020\u003C/div>\u003Cdiv>Precinct
        One\u003C/div>\u003C/td>\u003Ctd valign=\"top\" nowrap=\"true\">\u003Cdiv>Debt
        Claim\u003C/div>\u003Cdiv>Active\u003C/div>\u003C/td>\u003C/tr>\u003Ctr>\u003Ctd
        nowrap=\"true\" valign=\"top\">\u003Ca href=\"CaseDetail.aspx?CaseID=2288614\"
        style=\"color: blue\">J1-CV-20-001774\u003C/a>\u003C/td>\u003Ctd valign=\"top\">MIDLAND
        FUNDING LLC vs. GERALD MENDOZA\u003C/td>\u003Ctd valign=\"top\" nowrap=\"true\">\u003Cdiv>06/03/2020\u003C/div>\u003Cdiv>Precinct
        One\u003C/div>\u003C/td>\u003Ctd valign=\"top\" nowrap=\"true\">\u003Cdiv>Debt
        Claim\u003C/div>\u003Cdiv>Active\u003C/div>\u003C/td>\u003C/tr>\u003Ctr bgcolor=\"#EEEEEE\">\u003Ctd
        nowrap=\"true\" valign=\"top\">\u003Ca href=\"CaseDetail.aspx?CaseID=2288615\"
        style=\"color: blue\">J1-CV-20-001775\u003C/a>\u003C/td>\u003Ctd valign=\"top\">Oportun
        Inc. vs. Nallely Noemy Zamora Cortez\u003C/td>\u003Ctd valign=\"top\" nowrap=\"true\">\u003Cdiv>06/03/2020\u003C/div>\u003Cdiv>Precinct
        One\u003C/div>\u003C/td>\u003Ctd valign=\"top\" nowrap=\"true\">\u003Cdiv>Debt
        Claim\u003C/div>\u003Cdiv>Dismissed\u003C/div>\u003C/td>\u003C/tr>\u003Ctr>\u003Ctd
        nowrap=\"true\" valign=\"top\">\u003Ca href=\"CaseDetail.aspx?CaseID=2288616\"
        style=\"color: blue\">J1-CV-20-001776\u003C/a>\u003C/td>\u003Ctd valign=\"top\">Oportun
        Inc. vs. Julio Gonzalez Prieto\u003C/td>\u003Ctd valign=\"top\" nowrap=\"true\">\u003Cdiv>06/03/2020\u003C/div>\u003Cdiv>Precinct
        One\u003C/div>\u003C/td>\u003Ctd valign=\"top\" nowrap=\"true\">\u003Cdiv>Debt
        Claim\u003C/div>\u003Cdiv>Dismissed\u003C/div>\u003C/td>\u003C/tr>\u003Ctr
        bgcolor=\"#EEEEEE\">\u003Ctd nowrap=\"true\" valign=\"top\">\u003Ca href=\"CaseDetail.aspx?CaseID=2288617\"
        style=\"color: blue\">J1-CV-20-001777\u003C/a>\u003C/td>\u003Ctd valign=\"top\">Oportun
        Inc. vs. Marly Vargas Castillo\u003C/td>\u003Ctd valign=\"top\" nowrap=\"true\">\u003Cdiv>06/03/2020\u003C/div>\u003Cdiv>Precinct
        One\u003C/div>\u003C/td>\u003Ctd valign=\"top\" nowrap=\"true\">\u003Cdiv>Debt
        Claim\u003C/div>\u003Cdiv>Dismissed\u003C/div>\u003C/td>\u003C/tr>\u003Ctr>\u003Ctd
        nowrap=\"true\" valign=\"top\">\u003Ca href=\"CaseDetail.aspx?CaseID=2288618\"
        style=\"color: blue\">J1-CV-20-001778\u003C/a>\u003C/td>\u003Ctd valign=\"top\">Oportun
        Inc. vs. Gerardo Guerrero\u003C/td>\u003Ctd valign=\"top\" nowrap=\"true\">\u003Cdiv>06/03/2020\u003C/div>\u003Cdiv>Precinct
        One\u003C/div>\u003C/td>\u003Ctd valign=\"top\" nowrap=\"true\">\u003Cdiv>Debt
        Claim\u003C/div>\u003Cdiv>Dismissed\u003C/div>\u003C/td>\u003C/tr>\u003Ctr
        bgcolor=\"#EEEEEE\">\u003Ctd nowrap=\"true\" valign=\"top\">\u003Ca href=\"CaseDetail.aspx?CaseID=2288619\"
        style=\"color: blue\">J1-CV-20-001779\u003C/a>\u003C/td>\u003Ctd valign=\"top\">Oportun
        Inc. vs. Sergio Alfredo Chaj Orozco\u003C/td>\u003Ctd valign=\"top\" nowrap=\"true\">\u003Cdiv>06/03/2020\u003C/div>\u003Cdiv>Precinct
        One\u003C/div>\u003C/td>\u003Ctd valign=\"top\" nowrap=\"true\">\u003Cdiv>Debt
        Claim\u003C/div>\u003Cdiv>Dismissed\u003C/div>\u003C/td>\u003C/tr>\u003Ctr>\u003Ctd
        nowrap=\"true\" valign=\"top\">\u003Ca href=\"CaseDetail.aspx?CaseID=2288620\"
        style=\"color: blue\">J1-CV-20-001780\u003C/a>\u003C/td>\u003Ctd valign=\"top\">Oportun
        Inc. vs. Narciso Espana\u003C/td>\u003Ctd valign=\"top\" nowrap=\"true\">\u003Cdiv>06/03/2020\u003C/div>\u003Cdiv>Precinct
        One\u003C/div>\u003C/td>\u003Ctd valign=\"top\" nowrap=\"true\">\u003Cdiv>Debt
        Claim\u003C/div>\u003Cdiv>Dismissed\u003C/div>\u003C/td>\u003C/tr>\u003Ctr
        bgcolor=\"#EEEEEE\">\u003Ctd nowrap=\"true\" valign=\"top\">\u003Ca href=\"CaseDetail.aspx?CaseID=2288621\"
        style=\"color: blue\">J1-CV-20-001781\u003C/a>\u003C/td>\u003Ctd valign=\"top\">Oportun
        Inc. vs. Sandi Lizbeth Molinero Rodriguez\u003C/td>\u003Ctd valign=\"top\"
        nowrap=\"true\">\u003Cdiv>06/03/2020\u003C/div>\u003Cdiv>Precinct One\u003C/div>\u003C/td>\u003Ctd
        valign=\"top\" nowrap=\"true\">\u003Cdiv>Debt Claim\u003C/div>\u003Cdiv>Dismissed\u003C/div>\u003C/td>\u003C/tr>\u003Ctr>\u003Ctd
        nowrap=\"true\" valign=\"top\">\u003Ca href=\"CaseDetail.aspx?CaseID=2288622\"
        style=\"color: blue\">J1-CV-20-001782\u003C/a>\u003C/td>\u003Ctd valign=\"top\">Oportun
        Inc. vs. Carolyn Ann Hernandez\u003C/td>\u003Ctd valign=\"top\" nowrap=\"true\">\u003Cdiv>06/03/2020\u003C/div>\u003Cdiv>Precinct
        One\u003C/div>\u003C/td>\u003Ctd valign=\"top\" nowrap=\"true\">\u003Cdiv>Debt
        Claim\u003C/div>\u003Cdiv>Dismissed\u003C/div>\u003C/td>\u003C/tr>\u003Ctr
        bgcolor=\"#EEEEEE\">\u003Ctd nowrap=\"true\" valign=\"top\">\u003Ca href=\"CaseDetail.aspx?CaseID=2288623\"
        style=\"color: blue\">J1-CV-20-001783\u003C/a>\u003C/td>\u003Ctd valign=\"top\">Oportun
        Inc. vs. Mauricio Yahveth Tapia Luna\u003C/td>\u003Ctd valign=\"top\" nowrap=\"true\">\u003Cdiv>06/03/2020\u003C/div>\u003Cdiv>Precinct
        One\u003C/div>\u003C/td>\u003Ctd valign=\"top\" nowrap=\"true\">\u003Cdiv>Debt
        Claim\u003C/div>\u003Cdiv>Dismissed\u003C/div>\u003C/td>\u003C/tr>\u003Ctr>\u003Ctd
        nowrap=\"true\" valign=\"top\">\u003Ca href=\"CaseDetail.aspx?CaseID=2288757\"
        style=\"color: blue\">J1-CV-20-001784\u003C/a>\u003C/td>\u003Ctd valign=\"top\">Kevin
        Hennessee vs. Chris Sanford\u003C/td>\u003Ctd valign=\"top\" nowrap=\"true\">\u003Cdiv>06/04/2020\u003C/div>\u003Cdiv>Precinct
        One\u003C/div>\u003C/td>\u003Ctd valign=\"top\" nowrap=\"true\">\u003Cdiv>Small
        Claims\u003C/div>\u003Cdiv>Active\u003C/div>\u003C/td>\u003C/tr>\u003Ctr bgcolor=\"#EEEEEE\">\u003Ctd
        nowrap=\"true\" valign=\"top\">\u003Ca href=\"CaseDetail.aspx?CaseID=2288758\"
        style=\"color: blue\">J1-CV-20-001785\u003C/a>\u003C/td>\u003Ctd valign=\"top\">Boris
        Velinov Velinov vs. Turnkey Vacation Rentals, Inc.\u003C/td>\u003Ctd valign=\"top\"
        nowrap=\"true\">\u003Cdiv>06/04/2020\u003C/div>\u003Cdiv>Precinct One\u003C/div>\u003C/td>\u003Ctd
        valign=\"top\" nowrap=\"true\">\u003Cdiv>Small Claims\u003C/div>\u003Cdiv>Active\u003C/div>\u003C/td>\u003C/tr>\u003Ctr>\u003Ctd
        nowrap=\"true\" valign=\"top\">\u003Ca href=\"CaseDetail.aspx?CaseID=2288759\"
        style=\"color: blue\">J1-CV-20-001786\u003C/a>\u003C/td>\u003Ctd valign=\"top\">Portfolio
        Recovery Associates, LLC vs. Cindy Torres\u003C/td>\u003Ctd valign=\"top\"
        nowrap=\"true\">\u003Cdiv>06/04/2020\u003C/div>\u003Cdiv>Precinct One\u003C/div>\u003C/td>\u003Ctd
        valign=\"top\" nowrap=\"true\">\u003Cdiv>Debt Claim\u003C/div>\u003Cdiv>Active\u003C/div>\u003C/td>\u003C/tr>\u003Ctr
        bgcolor=\"#EEEEEE\">\u003Ctd nowrap=\"true\" valign=\"top\">\u003Ca href=\"CaseDetail.aspx?CaseID=2288760\"
        style=\"color: blue\">J1-CV-20-001787\u003C/a>\u003C/td>\u003Ctd valign=\"top\">Portfolio
        Recovery Associates LLC vs. Erica M Castillo\u003C/td>\u003Ctd valign=\"top\"
        nowrap=\"true\">\u003Cdiv>06/04/2020\u003C/div>\u003Cdiv>Precinct One\u003C/div>\u003C/td>\u003Ctd
        valign=\"top\" nowrap=\"true\">\u003Cdiv>Debt Claim\u003C/div>\u003Cdiv>Dismissed\u003C/div>\u003C/td>\u003C/tr>\u003Ctr>\u003Ctd
        nowrap=\"true\" valign=\"top\">\u003Ca href=\"CaseDetail.aspx?CaseID=2288761\"
        style=\"color: blue\">J1-CV-20-001788\u003C/a>\u003C/td>\u003Ctd valign=\"top\">Portfolio
        Recovery Associates, LLC vs. Lacy Allen Spears\u003C/td>\u003Ctd valign=\"top\"
        nowrap=\"true\">\u003Cdiv>06/04/2020\u003C/div>\u003Cdiv>Precinct One\u003C/div>\u003C/td>\u003Ctd
        valign=\"top\" nowrap=\"true\">\u003Cdiv>Debt Claim\u003C/div>\u003Cdiv>Active\u003C/div>\u003C/td>\u003C/tr>\u003Ctr
        bgcolor=\"#EEEEEE\">\u003Ctd nowrap=\"true\" valign=\"top\">\u003Ca href=\"CaseDetail.aspx?CaseID=2288762\"
        style=\"color: blue\">J1-CV-20-001789\u003C/a>\u003C/td>\u003Ctd valign=\"top\">Cvi
        Sgp-co Acquisition Trust vs. Gail S Carroll\u003C/td>\u003Ctd valign=\"top\"
        nowrap=\"true\">\u003Cdiv>06/04/2020\u003C/div>\u003Cdiv>Precinct One\u003C/div>\u003C/td>\u003Ctd
        valign=\"top\" nowrap=\"true\">\u003Cdiv>Debt Claim\u003C/div>\u003Cdiv>Active\u003C/div>\u003C/td>\u003C/tr>\u003Ctr>\u003Ctd
        nowrap=\"true\" valign=\"top\">\u003Ca href=\"CaseDetail.aspx?CaseID=2288763\"
        style=\"color: blue\">J1-CV-20-001790\u003C/a>\u003C/td>\u003Ctd valign=\"top\">Jefferson
        Capital Systems Llc vs. Darius H Raymond\u003C/td>\u003Ctd valign=\"top\"
        nowrap=\"true\">\u003Cdiv>06/04/2020\u003C/div>\u003Cdiv>Precinct One\u003C/div>\u003C/td>\u003Ctd
        valign=\"top\" nowrap=\"true\">\u003Cdiv>Debt Claim\u003C/div>\u003Cdiv>Active\u003C/div>\u003C/td>\u003C/tr>\u003Ctr
        bgcolor=\"#EEEEEE\">\u003Ctd nowrap=\"true\" valign=\"top\">\u003Ca href=\"CaseDetail.aspx?CaseID=2288764\"
        style=\"color: blue\">J1-CV-20-001791\u003C/a>\u003C/td>\u003Ctd valign=\"top\">Jefferson
        Capital Systems Llc vs. Karl Torres\u003C/td>\u003Ctd valign=\"top\" nowrap=\"true\">\u003Cdiv>06/04/2020\u003C/div>\u003Cdiv>Precinct
        One\u003C/div>\u003C/td>\u003Ctd valign=\"top\" nowrap=\"true\">\u003Cdiv>Debt
        Claim\u003C/div>\u003Cdiv>Dismissed\u003C/div>\u003C/td>\u003C/tr>\u003Ctr>\u003Ctd
        nowrap=\"true\" valign=\"top\">\u003Ca href=\"CaseDetail.aspx?CaseID=2288765\"
        style=\"color: blue\">J1-CV-20-001792\u003C/a>\u003C/td>\u003Ctd valign=\"top\">Portfolio
        Recovery Associates Llc vs. Massiel Ramirez\u003C/td>\u003Ctd valign=\"top\"
        nowrap=\"true\">\u003Cdiv>06/04/2020\u003C/div>\u003Cdiv>Precinct One\u003C/div>\u003C/td>\u003Ctd
        valign=\"top\" nowrap=\"true\">\u003Cdiv>Debt Claim\u003C/div>\u003Cdiv>Dismissed\u003C/div>\u003C/td>\u003C/tr>\u003Ctr
        bgcolor=\"#EEEEEE\">\u003Ctd nowrap=\"true\" valign=\"top\">\u003Ca href=\"CaseDetail.aspx?CaseID=2288766\"
        style=\"color: blue\">J1-CV-20-001793\u003C/a>\u003C/td>\u003Ctd valign=\"top\">Jefferson
        Capital Systems Llc vs. Nelly Solis\u003C/td>\u003Ctd valign=\"top\" nowrap=\"true\">\u003Cdiv>06/04/2020\u003C/div>\u003Cdiv>Precinct
        One\u003C/div>\u003C/td>\u003Ctd valign=\"top\" nowrap=\"true\">\u003Cdiv>Debt
        Claim\u003C/div>\u003Cdiv>Dismissed\u003C/div>\u003C/td>\u003C/tr>\u003Ctr>\u003Ctd
        nowrap=\"true\" valign=\"top\">\u003Ca href=\"CaseDetail.aspx?CaseID=2288767\"
        style=\"color: blue\">J1-CV-20-001794\u003C/a>\u003C/td>\u003Ctd valign=\"top\">Portfolio
        Recovery Associates Llc vs. Leslie Martin\u003C/td>\u003Ctd valign=\"top\"
        nowrap=\"true\">\u003Cdiv>06/04/2020\u003C/div>\u003Cdiv>Precinct One\u003C/div>\u003C/td>\u003Ctd
        valign=\"top\" nowrap=\"true\">\u003Cdiv>Debt Claim\u003C/div>\u003Cdiv>Active\u003C/div>\u003C/td>\u003C/tr>\u003Ctr
        bgcolor=\"#EEEEEE\">\u003Ctd nowrap=\"true\" valign=\"top\">\u003Ca href=\"CaseDetail.aspx?CaseID=2288768\"
        style=\"color: blue\">J1-CV-20-001795\u003C/a>\u003C/td>\u003Ctd valign=\"top\">PORTFOLIO
        RECOVERY ASSOCIATES, LLC vs. CRYSTAL VANEK\u003C/td>\u003Ctd valign=\"top\"
        nowrap=\"true\">\u003Cdiv>06/04/2020\u003C/div>\u003Cdiv>Precinct One\u003C/div>\u003C/td>\u003Ctd
        valign=\"top\" nowrap=\"true\">\u003Cdiv>Debt Claim\u003C/div>\u003Cdiv>Active\u003C/div>\u003C/td>\u003C/tr>\u003Ctr>\u003Ctd
        nowrap=\"true\" valign=\"top\">\u003Ca href=\"CaseDetail.aspx?CaseID=2288769\"
        style=\"color: blue\">J1-CV-20-001796\u003C/a>\u003C/td>\u003Ctd valign=\"top\">Second
        Round Sub, LLC assignee of Comenity Bank (WAYFAIR) vs. KRISTINA YVONNE ENLOE\u003C/td>\u003Ctd
        valign=\"top\" nowrap=\"true\">\u003Cdiv>06/04/2020\u003C/div>\u003Cdiv>Precinct
        One\u003C/div>\u003C/td>\u003Ctd valign=\"top\" nowrap=\"true\">\u003Cdiv>Debt
        Claim\u003C/div>\u003Cdiv>Dismissed\u003C/div>\u003C/td>\u003C/tr>\u003Ctr
        bgcolor=\"#EEEEEE\">\u003Ctd nowrap=\"true\" valign=\"top\">\u003Ca href=\"CaseDetail.aspx?CaseID=2288770\"
        style=\"color: blue\">J1-CV-20-001797\u003C/a>\u003C/td>\u003Ctd valign=\"top\">NXNE
        vs. WACKSON BANINY DE PAZ AMBROCIO,MAYCON ORLANDO AMBROCIO LOBOS\u003C/td>\u003Ctd
        valign=\"top\" nowrap=\"true\">\u003Cdiv>06/04/2020\u003C/div>\u003Cdiv>Precinct
        One\u003C/div>\u003C/td>\u003Ctd valign=\"top\" nowrap=\"true\">\u003Cdiv>Eviction\u003C/div>\u003Cdiv>Dismissed\u003C/div>\u003C/td>\u003C/tr>\u003Ctr>\u003Ctd
        nowrap=\"true\" valign=\"top\">\u003Ca href=\"CaseDetail.aspx?CaseID=2288771\"
        style=\"color: blue\">J1-CV-20-001798\u003C/a>\u003C/td>\u003Ctd valign=\"top\">NXNE
        vs. EDWARD NAVARRO\u003C/td>\u003Ctd valign=\"top\" nowrap=\"true\">\u003Cdiv>06/04/2020\u003C/div>\u003Cdiv>Precinct
        One\u003C/div>\u003C/td>\u003Ctd valign=\"top\" nowrap=\"true\">\u003Cdiv>Eviction\u003C/div>\u003Cdiv>Dismissed\u003C/div>\u003C/td>\u003C/tr>\u003Ctr
        bgcolor=\"#EEEEEE\">\u003Ctd nowrap=\"true\" valign=\"top\">\u003Ca href=\"CaseDetail.aspx?CaseID=2288772\"
        style=\"color: blue\">J1-CV-20-001799\u003C/a>\u003C/td>\u003Ctd valign=\"top\">NXNE
        vs. PAOLA RAWLINSON\u003C/td>\u003Ctd valign=\"top\" nowrap=\"true\">\u003Cdiv>06/04/2020\u003C/div>\u003Cdiv>Precinct
        One\u003C/div>\u003C/td>\u003Ctd valign=\"top\" nowrap=\"true\">\u003Cdiv>Eviction\u003C/div>\u003Cdiv>Dismissed\u003C/div>\u003C/td>\u003C/tr>\u003Ctr>\u003Ctd
        nowrap=\"true\" valign=\"top\">\u003Ca href=\"CaseDetail.aspx?CaseID=2288773\"
        style=\"color: blue\">J1-CV-20-001800\u003C/a>\u003C/td>\u003Ctd valign=\"top\">NXNE
        vs. RAINY CIRILO,JONATHAN HOWARD\u003C/td>\u003Ctd valign=\"top\" nowrap=\"true\">\u003Cdiv>06/04/2020\u003C/div>\u003Cdiv>Precinct
        One\u003C/div>\u003C/td>\u003Ctd valign=\"top\" nowrap=\"true\">\u003Cdiv>Eviction\u003C/div>\u003Cdiv>Dismissed\u003C/div>\u003C/td>\u003C/tr>\u003Ctr
        bgcolor=\"#EEEEEE\">\u003Ctd nowrap=\"true\" valign=\"top\">\u003Ca href=\"CaseDetail.aspx?CaseID=2288774\"
        style=\"color: blue\">J1-CV-20-001801\u003C/a>\u003C/td>\u003Ctd valign=\"top\">NXNE
        vs. MUNA DARGACHEW,JONSON LEMMA\u003C/td>\u003Ctd valign=\"top\" nowrap=\"true\">\u003Cdiv>06/04/2020\u003C/div>\u003Cdiv>Precinct
        One\u003C/div>\u003C/td>\u003Ctd valign=\"top\" nowrap=\"true\">\u003Cdiv>Eviction\u003C/div>\u003Cdiv>Dismissed\u003C/div>\u003C/td>\u003C/tr>\u003Ctr>\u003Ctd
        nowrap=\"true\" valign=\"top\">\u003Ca href=\"CaseDetail.aspx?CaseID=2288775\"
        style=\"color: blue\">J1-CV-20-001802\u003C/a>\u003C/td>\u003Ctd valign=\"top\">NXNE
        vs. JAMES SLADE,JAVETTA BRADLEY\u003C/td>\u003Ctd valign=\"top\" nowrap=\"true\">\u003Cdiv>06/04/2020\u003C/div>\u003Cdiv>Precinct
        One\u003C/div>\u003C/td>\u003Ctd valign=\"top\" nowrap=\"true\">\u003Cdiv>Eviction\u003C/div>\u003Cdiv>Dismissed\u003C/div>\u003C/td>\u003C/tr>\u003Ctr
        bgcolor=\"#EEEEEE\">\u003Ctd nowrap=\"true\" valign=\"top\">\u003Ca href=\"CaseDetail.aspx?CaseID=2288776\"
        style=\"color: blue\">J1-CV-20-001803\u003C/a>\u003C/td>\u003Ctd valign=\"top\">kalvin
        g byrd vs. William Byrd\u003C/td>\u003Ctd valign=\"top\" nowrap=\"true\">\u003Cdiv>06/04/2020\u003C/div>\u003Cdiv>Precinct
        One\u003C/div>\u003C/td>\u003Ctd valign=\"top\" nowrap=\"true\">\u003Cdiv>Eviction\u003C/div>\u003Cdiv>Final
        Status\u003C/div>\u003C/td>\u003C/tr>\u003Ctr>\u003Ctd nowrap=\"true\" valign=\"top\">\u003Ca
        href=\"CaseDetail.aspx?CaseID=2288967\" style=\"color: blue\">J1-CV-20-001804\u003C/a>\u003C/td>\u003Ctd
        valign=\"top\">MARINER FINANCE LLC vs. VICTOR TOEH\u003C/td>\u003Ctd valign=\"top\"
        nowrap=\"true\">\u003Cdiv>06/05/2020\u003C/div>\u003Cdiv>Precinct One\u003C/div>\u003C/td>\u003Ctd
        valign=\"top\" nowrap=\"true\">\u003Cdiv>Debt Claim\u003C/div>\u003Cdiv>Active\u003C/div>\u003C/td>\u003C/tr>\u003Ctr
        bgcolor=\"#EEEEEE\">\u003Ctd nowrap=\"true\" valign=\"top\">\u003Ca href=\"CaseDetail.aspx?CaseID=2288968\"
        style=\"color: blue\">J1-CV-20-001805\u003C/a>\u003C/td>\u003Ctd valign=\"top\">Second
        Round Sub, LLC assignee of Comenity Capital Bank (Big Lots Credit Card) vs.
        Richard Aguirre Bandera\u003C/td>\u003Ctd valign=\"top\" nowrap=\"true\">\u003Cdiv>06/05/2020\u003C/div>\u003Cdiv>Precinct
        One\u003C/div>\u003C/td>\u003Ctd valign=\"top\" nowrap=\"true\">\u003Cdiv>Debt
        Claim\u003C/div>\u003Cdiv>Dismissed\u003C/div>\u003C/td>\u003C/tr>\u003Ctr>\u003Ctd
        nowrap=\"true\" valign=\"top\">\u003Ca href=\"CaseDetail.aspx?CaseID=2288969\"
        style=\"color: blue\">J1-CV-20-001806\u003C/a>\u003C/td>\u003Ctd valign=\"top\">Velocity
        Investments, LLC assignee of Lending Club assignee of WebBank vs. Charles
        Leavy\u003C/td>\u003Ctd valign=\"top\" nowrap=\"true\">\u003Cdiv>06/05/2020\u003C/div>\u003Cdiv>Precinct
        One\u003C/div>\u003C/td>\u003Ctd valign=\"top\" nowrap=\"true\">\u003Cdiv>Debt
        Claim\u003C/div>\u003Cdiv>Dismissed\u003C/div>\u003C/td>\u003C/tr>\u003Ctr
        bgcolor=\"#EEEEEE\">\u003Ctd nowrap=\"true\" valign=\"top\">\u003Ca href=\"CaseDetail.aspx?CaseID=2288970\"
        style=\"color: blue\">J1-CV-20-001807\u003C/a>\u003C/td>\u003Ctd valign=\"top\">Portfolio
        Recovery Associates Llc vs. Samantha Medrano\u003C/td>\u003Ctd valign=\"top\"
        nowrap=\"true\">\u003Cdiv>06/05/2020\u003C/div>\u003Cdiv>Precinct One\u003C/div>\u003C/td>\u003Ctd
        valign=\"top\" nowrap=\"true\">\u003Cdiv>Debt Claim\u003C/div>\u003Cdiv>Dismissed\u003C/div>\u003C/td>\u003C/tr>\u003Ctr>\u003Ctd
        nowrap=\"true\" valign=\"top\">\u003Ca href=\"CaseDetail.aspx?CaseID=2288974\"
        style=\"color: blue\">J1-CV-20-001809\u003C/a>\u003C/td>\u003Ctd valign=\"top\">GEICO
        County Mutual Insurance Company  vs. Crecencio Viera-Viera\u003C/td>\u003Ctd
        valign=\"top\" nowrap=\"true\">\u003Cdiv>06/05/2020\u003C/div>\u003Cdiv>Precinct
        One\u003C/div>\u003C/td>\u003Ctd valign=\"top\" nowrap=\"true\">\u003Cdiv>Small
        Claims\u003C/div>\u003Cdiv>Dismissed\u003C/div>\u003C/td>\u003C/tr>\u003Ctr
        bgcolor=\"#EEEEEE\">\u003Ctd nowrap=\"true\" valign=\"top\">\u003Ca href=\"CaseDetail.aspx?CaseID=2288976\"
        style=\"color: blue\">J1-CV-20-001810\u003C/a>\u003C/td>\u003Ctd valign=\"top\">Joanna
        Salinas,Salomon Salinas vs. Carmelita Edwards\u003C/td>\u003Ctd valign=\"top\"
        nowrap=\"true\">\u003Cdiv>06/05/2020\u003C/div>\u003Cdiv>Precinct One\u003C/div>\u003C/td>\u003Ctd
        valign=\"top\" nowrap=\"true\">\u003Cdiv>Eviction\u003C/div>\u003Cdiv>Active\u003C/div>\u003C/td>\u003C/tr>\u003Ctr>\u003Ctd
        nowrap=\"true\" valign=\"top\">\u003Ca href=\"CaseDetail.aspx?CaseID=2288977\"
        style=\"color: blue\">J1-CV-20-001811\u003C/a>\u003C/td>\u003Ctd valign=\"top\">Faraz
        Khan vs. Suli Argueta\u003C/td>\u003Ctd valign=\"top\" nowrap=\"true\">\u003Cdiv>06/05/2020\u003C/div>\u003Cdiv>Precinct
        One\u003C/div>\u003C/td>\u003Ctd valign=\"top\" nowrap=\"true\">\u003Cdiv>Eviction\u003C/div>\u003Cdiv>Active\u003C/div>\u003C/td>\u003C/tr>\u003Ctr
        bgcolor=\"#EEEEEE\">\u003Ctd nowrap=\"true\" valign=\"top\">\u003Ca href=\"CaseDetail.aspx?CaseID=2288971\"
        style=\"color: blue\">J1-CV-20-001808\u003C/a>\u003C/td>\u003Ctd valign=\"top\">Velocity
        Investments, LLC Assignee Of Onemain Financial 2016-2 vs. Kathleen D Chambers\u003C/td>\u003Ctd
        valign=\"top\" nowrap=\"true\">\u003Cdiv>06/08/2020\u003C/div>\u003Cdiv>Precinct
        One\u003C/div>\u003C/td>\u003Ctd valign=\"top\" nowrap=\"true\">\u003Cdiv>Debt
        Claim\u003C/div>\u003Cdiv>Active\u003C/div>\u003C/td>\u003C/tr>\u003Ctr>\u003Ctd
        nowrap=\"true\" valign=\"top\">\u003Ca href=\"CaseDetail.aspx?CaseID=2288978\"
        style=\"color: blue\">J1-CV-20-001812\u003C/a>\u003C/td>\u003Ctd valign=\"top\">OAKS
        AT TECH RIDGE PHASE 4 PARTNERS, LO dba AMBROSIO vs. ALIYAH HOLLAND\u003C/td>\u003Ctd
        valign=\"top\" nowrap=\"true\">\u003Cdiv>06/08/2020\u003C/div>\u003Cdiv>Precinct
        One\u003C/div>\u003C/td>\u003Ctd valign=\"top\" nowrap=\"true\">\u003Cdiv>Eviction\u003C/div>\u003Cdiv>Dismissed\u003C/div>\u003C/td>\u003C/tr>\u003Ctr
        bgcolor=\"#EEEEEE\">\u003Ctd nowrap=\"true\" valign=\"top\">\u003Ca href=\"CaseDetail.aspx?CaseID=2288979\"
        style=\"color: blue\">J1-CV-20-001813\u003C/a>\u003C/td>\u003Ctd valign=\"top\">OAKS
        AT TECH RIDGE PHASE 4 PARTNERS, LO dba AMBROSIO vs. CLAUDINE SHAW\u003C/td>\u003Ctd
        valign=\"top\" nowrap=\"true\">\u003Cdiv>06/08/2020\u003C/div>\u003Cdiv>Precinct
        One\u003C/div>\u003C/td>\u003Ctd valign=\"top\" nowrap=\"true\">\u003Cdiv>Eviction\u003C/div>\u003Cdiv>Dismissed\u003C/div>\u003C/td>\u003C/tr>\u003Ctr>\u003Ctd
        nowrap=\"true\" valign=\"top\">\u003Ca href=\"CaseDetail.aspx?CaseID=2288980\"
        style=\"color: blue\">J1-CV-20-001814\u003C/a>\u003C/td>\u003Ctd valign=\"top\">OAKS
        AT TECH RIDGE PHASE 4 PARTNERS, LO dba AMBROSIO vs. ERIC NUNN\u003C/td>\u003Ctd
        valign=\"top\" nowrap=\"true\">\u003Cdiv>06/08/2020\u003C/div>\u003Cdiv>Precinct
        One\u003C/div>\u003C/td>\u003Ctd valign=\"top\" nowrap=\"true\">\u003Cdiv>Eviction\u003C/div>\u003Cdiv>Dismissed\u003C/div>\u003C/td>\u003C/tr>\u003Ctr
        bgcolor=\"#EEEEEE\">\u003Ctd nowrap=\"true\" valign=\"top\">\u003Ca href=\"CaseDetail.aspx?CaseID=2288981\"
        style=\"color: blue\">J1-CV-20-001815\u003C/a>\u003C/td>\u003Ctd valign=\"top\">OAKS
        AT TECH RIDGE PHASE 4 PARTNERS, LO dba AMBROSIO vs. EVER MEDARDO ARANA\u003C/td>\u003Ctd
        valign=\"top\" nowrap=\"true\">\u003Cdiv>06/08/2020\u003C/div>\u003Cdiv>Precinct
        One\u003C/div>\u003C/td>\u003Ctd valign=\"top\" nowrap=\"true\">\u003Cdiv>Eviction\u003C/div>\u003Cdiv>Dismissed\u003C/div>\u003C/td>\u003C/tr>\u003Ctr>\u003Ctd
        nowrap=\"true\" valign=\"top\">\u003Ca href=\"CaseDetail.aspx?CaseID=2288982\"
        style=\"color: blue\">J1-CV-20-001816\u003C/a>\u003C/td>\u003Ctd valign=\"top\">OAKS
        AT TECH RIDGE PHASE 4 PARTNERS, LO dba AMBROSIO vs. ROBIN KIMBLE\u003C/td>\u003Ctd
        valign=\"top\" nowrap=\"true\">\u003Cdiv>06/08/2020\u003C/div>\u003Cdiv>Precinct
        One\u003C/div>\u003C/td>\u003Ctd valign=\"top\" nowrap=\"true\">\u003Cdiv>Eviction\u003C/div>\u003Cdiv>Dismissed\u003C/div>\u003C/td>\u003C/tr>\u003Ctr
        bgcolor=\"#EEEEEE\">\u003Ctd nowrap=\"true\" valign=\"top\">\u003Ca href=\"CaseDetail.aspx?CaseID=2288984\"
        style=\"color: blue\">J1-CV-20-001817\u003C/a>\u003C/td>\u003Ctd valign=\"top\">OAKS
        AT TECH RIDGE PHASE 4 PARTNERS, LO dba AMBROSIO vs. PRINCE HUMPHRIES\u003C/td>\u003Ctd
        valign=\"top\" nowrap=\"true\">\u003Cdiv>06/08/2020\u003C/div>\u003Cdiv>Precinct
        One\u003C/div>\u003C/td>\u003Ctd valign=\"top\" nowrap=\"true\">\u003Cdiv>Eviction\u003C/div>\u003Cdiv>Dismissed\u003C/div>\u003C/td>\u003C/tr>\u003Ctr>\u003Ctd
        nowrap=\"true\" valign=\"top\">\u003Ca href=\"CaseDetail.aspx?CaseID=2288985\"
        style=\"color: blue\">J1-CV-20-001818\u003C/a>\u003C/td>\u003Ctd valign=\"top\">OAKS
        AT TECH RIDGE PHASE 4 PARTNERS, LO dba AMBROSIO vs. BRIAN ESCOBAR,DEMECHE
        ELDRIDGE\u003C/td>\u003Ctd valign=\"top\" nowrap=\"true\">\u003Cdiv>06/08/2020\u003C/div>\u003Cdiv>Precinct
        One\u003C/div>\u003C/td>\u003Ctd valign=\"top\" nowrap=\"true\">\u003Cdiv>Eviction\u003C/div>\u003Cdiv>Dismissed\u003C/div>\u003C/td>\u003C/tr>\u003Ctr
        bgcolor=\"#EEEEEE\">\u003Ctd nowrap=\"true\" valign=\"top\">\u003Ca href=\"CaseDetail.aspx?CaseID=2288986\"
        style=\"color: blue\">J1-CV-20-001819\u003C/a>\u003C/td>\u003Ctd valign=\"top\">OAKS
        AT TECH RIDGE PHASE 4 PARTNERS, LO dba AMBROSIO vs. BRELAND DAVIS\u003C/td>\u003Ctd
        valign=\"top\" nowrap=\"true\">\u003Cdiv>06/08/2020\u003C/div>\u003Cdiv>Precinct
        One\u003C/div>\u003C/td>\u003Ctd valign=\"top\" nowrap=\"true\">\u003Cdiv>Eviction\u003C/div>\u003Cdiv>Active\u003C/div>\u003C/td>\u003C/tr>\u003Ctr>\u003Ctd
        nowrap=\"true\" valign=\"top\">\u003Ca href=\"CaseDetail.aspx?CaseID=2288987\"
        style=\"color: blue\">J1-CV-20-001820\u003C/a>\u003C/td>\u003Ctd valign=\"top\">OAKS
        AT TECH RIDGE PHASE 4 PARTNERS, LO dba AMBROSIO vs. MIRELLA DAVIS\u003C/td>\u003Ctd
        valign=\"top\" nowrap=\"true\">\u003Cdiv>06/08/2020\u003C/div>\u003Cdiv>Precinct
        One\u003C/div>\u003C/td>\u003Ctd valign=\"top\" nowrap=\"true\">\u003Cdiv>Eviction\u003C/div>\u003Cdiv>Dismissed\u003C/div>\u003C/td>\u003C/tr>\u003Ctr
        bgcolor=\"#EEEEEE\">\u003Ctd nowrap=\"true\" valign=\"top\">\u003Ca href=\"CaseDetail.aspx?CaseID=2288988\"
        style=\"color: blue\">J1-CV-20-001821\u003C/a>\u003C/td>\u003Ctd valign=\"top\">OAKS
        AT TECH RIDGE PHASE 4 PARTNERS, LO dba AMBROSIO vs. JANAE BERKLEY\u003C/td>\u003Ctd
        valign=\"top\" nowrap=\"true\">\u003Cdiv>06/08/2020\u003C/div>\u003Cdiv>Precinct
        One\u003C/div>\u003C/td>\u003Ctd valign=\"top\" nowrap=\"true\">\u003Cdiv>Eviction\u003C/div>\u003Cdiv>Dismissed\u003C/div>\u003C/td>\u003C/tr>\u003Ctr>\u003Ctd
        nowrap=\"true\" valign=\"top\">\u003Ca href=\"CaseDetail.aspx?CaseID=2288989\"
        style=\"color: blue\">J1-CV-20-001822\u003C/a>\u003C/td>\u003Ctd valign=\"top\">River
        Ranch vs. Kevin Gilmore and all other occupants,Michelle Gonzalez and all
        other occupants\u003C/td>\u003Ctd valign=\"top\" nowrap=\"true\">\u003Cdiv>06/08/2020\u003C/div>\u003Cdiv>Precinct
        One\u003C/div>\u003C/td>\u003Ctd valign=\"top\" nowrap=\"true\">\u003Cdiv>Eviction\u003C/div>\u003Cdiv>Active\u003C/div>\u003C/td>\u003C/tr>\u003Ctr
        bgcolor=\"#EEEEEE\">\u003Ctd nowrap=\"true\" valign=\"top\">\u003Ca href=\"CaseDetail.aspx?CaseID=2288972\"
        style=\"color: blue\">J1-CV-20-000595\u003C/a>\u003C/td>\u003Ctd valign=\"top\">Matthew
        Halterman vs. ENOVA INTERNATIONAL, INC., D/B/A CASHNET USA\u003C/td>\u003Ctd
        valign=\"top\" nowrap=\"true\">\u003Cdiv>06/09/2020\u003C/div>\u003Cdiv>Precinct
        One\u003C/div>\u003C/td>\u003Ctd valign=\"top\" nowrap=\"true\">\u003Cdiv>Small
        Claims\u003C/div>\u003Cdiv>Dismissed\u003C/div>\u003C/td>\u003C/tr>\u003Ctr>\u003Ctd
        nowrap=\"true\" valign=\"top\">\u003Ca href=\"CaseDetail.aspx?CaseID=2289182\"
        style=\"color: blue\">J1-CV-20-001823\u003C/a>\u003C/td>\u003Ctd valign=\"top\">First
        Portfolio Ventures I, Llc vs. Jason Mcdowell\u003C/td>\u003Ctd valign=\"top\"
        nowrap=\"true\">\u003Cdiv>06/09/2020\u003C/div>\u003Cdiv>Precinct One\u003C/div>\u003C/td>\u003Ctd
        valign=\"top\" nowrap=\"true\">\u003Cdiv>Debt Claim\u003C/div>\u003Cdiv>Active\u003C/div>\u003C/td>\u003C/tr>\u003Ctr
        bgcolor=\"#EEEEEE\">\u003Ctd nowrap=\"true\" valign=\"top\">\u003Ca href=\"CaseDetail.aspx?CaseID=2289183\"
        style=\"color: blue\">J1-CV-20-001824\u003C/a>\u003C/td>\u003Ctd valign=\"top\">First
        Portfolio Ventures I, Llc vs. Janie R Rivera\u003C/td>\u003Ctd valign=\"top\"
        nowrap=\"true\">\u003Cdiv>06/09/2020\u003C/div>\u003Cdiv>Precinct One\u003C/div>\u003C/td>\u003Ctd
        valign=\"top\" nowrap=\"true\">\u003Cdiv>Debt Claim\u003C/div>\u003Cdiv>Dismissed\u003C/div>\u003C/td>\u003C/tr>\u003Ctr>\u003Ctd
        nowrap=\"true\" valign=\"top\">\u003Ca href=\"CaseDetail.aspx?CaseID=2289184\"
        style=\"color: blue\">J1-CV-20-001825\u003C/a>\u003C/td>\u003Ctd valign=\"top\">Westlake
        Services, LLC, Dba Westlake Financial Services vs. Adam M Garza,Pearl A Garza
        Torres\u003C/td>\u003Ctd valign=\"top\" nowrap=\"true\">\u003Cdiv>06/09/2020\u003C/div>\u003Cdiv>Precinct
        One\u003C/div>\u003C/td>\u003Ctd valign=\"top\" nowrap=\"true\">\u003Cdiv>Debt
        Claim\u003C/div>\u003Cdiv>Active\u003C/div>\u003C/td>\u003C/tr>\u003Ctr bgcolor=\"#EEEEEE\">\u003Ctd
        nowrap=\"true\" valign=\"top\">\u003Ca href=\"CaseDetail.aspx?CaseID=2289185\"
        style=\"color: blue\">J1-CV-20-001826\u003C/a>\u003C/td>\u003Ctd valign=\"top\">John
        Forsythe,William Forsythe vs. Curtis J Habbit\u003C/td>\u003Ctd valign=\"top\"
        nowrap=\"true\">\u003Cdiv>06/09/2020\u003C/div>\u003Cdiv>Precinct One\u003C/div>\u003C/td>\u003Ctd
        valign=\"top\" nowrap=\"true\">\u003Cdiv>Eviction\u003C/div>\u003Cdiv>Active\u003C/div>\u003C/td>\u003C/tr>\u003Ctr>\u003Ctd
        nowrap=\"true\" valign=\"top\">\u003Ca href=\"CaseDetail.aspx?CaseID=2289877\"
        style=\"color: blue\">J1-CV-20-001845\u003C/a>\u003C/td>\u003Ctd valign=\"top\">CONVERGING
        CAPITAL, LLC vs. Leodegario Lopez Garcia\u003C/td>\u003Ctd valign=\"top\"
        nowrap=\"true\">\u003Cdiv>06/10/2020\u003C/div>\u003Cdiv>Precinct One\u003C/div>\u003C/td>\u003Ctd
        valign=\"top\" nowrap=\"true\">\u003Cdiv>Debt Claim\u003C/div>\u003Cdiv>Active\u003C/div>\u003C/td>\u003C/tr>\u003Ctr
        bgcolor=\"#EEEEEE\">\u003Ctd nowrap=\"true\" valign=\"top\">\u003Ca href=\"CaseDetail.aspx?CaseID=2289878\"
        style=\"color: blue\">J1-CV-20-001846\u003C/a>\u003C/td>\u003Ctd valign=\"top\">MIDLAND
        FUNDING LLC vs. BAO NGO\u003C/td>\u003Ctd valign=\"top\" nowrap=\"true\">\u003Cdiv>06/10/2020\u003C/div>\u003Cdiv>Precinct
        One\u003C/div>\u003C/td>\u003Ctd valign=\"top\" nowrap=\"true\">\u003Cdiv>Debt
        Claim\u003C/div>\u003Cdiv>Dismissed\u003C/div>\u003C/td>\u003C/tr>\u003Ctr>\u003Ctd
        nowrap=\"true\" valign=\"top\">\u003Ca href=\"CaseDetail.aspx?CaseID=2289879\"
        style=\"color: blue\">J1-CV-20-001847\u003C/a>\u003C/td>\u003Ctd valign=\"top\">Oportun
        Inc. vs. Araceli Avila Miguel\u003C/td>\u003Ctd valign=\"top\" nowrap=\"true\">\u003Cdiv>06/10/2020\u003C/div>\u003Cdiv>Precinct
        One\u003C/div>\u003C/td>\u003Ctd valign=\"top\" nowrap=\"true\">\u003Cdiv>Debt
        Claim\u003C/div>\u003Cdiv>Dismissed\u003C/div>\u003C/td>\u003C/tr>\u003Ctr
        bgcolor=\"#EEEEEE\">\u003Ctd nowrap=\"true\" valign=\"top\">\u003Ca href=\"CaseDetail.aspx?CaseID=2289881\"
        style=\"color: blue\">J1-CV-20-001848\u003C/a>\u003C/td>\u003Ctd valign=\"top\">Oportun
        Inc. vs. Brennen Centeno\u003C/td>\u003Ctd valign=\"top\" nowrap=\"true\">\u003Cdiv>06/10/2020\u003C/div>\u003Cdiv>Precinct
        One\u003C/div>\u003C/td>\u003Ctd valign=\"top\" nowrap=\"true\">\u003Cdiv>Debt
        Claim\u003C/div>\u003Cdiv>Dismissed\u003C/div>\u003C/td>\u003C/tr>\u003Ctr>\u003Ctd
        nowrap=\"true\" valign=\"top\">\u003Ca href=\"CaseDetail.aspx?CaseID=2289883\"
        style=\"color: blue\">J1-CV-20-001849\u003C/a>\u003C/td>\u003Ctd valign=\"top\">Oportun
        Inc. vs. Beatriz Adriana Zuniga Ojeda\u003C/td>\u003Ctd valign=\"top\" nowrap=\"true\">\u003Cdiv>06/10/2020\u003C/div>\u003Cdiv>Precinct
        One\u003C/div>\u003C/td>\u003Ctd valign=\"top\" nowrap=\"true\">\u003Cdiv>Debt
        Claim\u003C/div>\u003Cdiv>Dismissed\u003C/div>\u003C/td>\u003C/tr>\u003Ctr
        bgcolor=\"#EEEEEE\">\u003Ctd nowrap=\"true\" valign=\"top\">\u003Ca href=\"CaseDetail.aspx?CaseID=2289884\"
        style=\"color: blue\">J1-CV-20-001850\u003C/a>\u003C/td>\u003Ctd valign=\"top\">Oportun
        Inc. vs. Juan De Dios Almaraz Dorantes\u003C/td>\u003Ctd valign=\"top\" nowrap=\"true\">\u003Cdiv>06/10/2020\u003C/div>\u003Cdiv>Precinct
        One\u003C/div>\u003C/td>\u003Ctd valign=\"top\" nowrap=\"true\">\u003Cdiv>Debt
        Claim\u003C/div>\u003Cdiv>Dismissed\u003C/div>\u003C/td>\u003C/tr>\u003Ctr>\u003Ctd
        nowrap=\"true\" valign=\"top\">\u003Ca href=\"CaseDetail.aspx?CaseID=2289885\"
        style=\"color: blue\">J1-CV-20-001851\u003C/a>\u003C/td>\u003Ctd valign=\"top\">Oportun
        Inc. vs. Juan Rodriguez Nieto\u003C/td>\u003Ctd valign=\"top\" nowrap=\"true\">\u003Cdiv>06/10/2020\u003C/div>\u003Cdiv>Precinct
        One\u003C/div>\u003C/td>\u003Ctd valign=\"top\" nowrap=\"true\">\u003Cdiv>Debt
        Claim\u003C/div>\u003Cdiv>Dismissed\u003C/div>\u003C/td>\u003C/tr>\u003Ctr
        bgcolor=\"#EEEEEE\">\u003Ctd nowrap=\"true\" valign=\"top\">\u003Ca href=\"CaseDetail.aspx?CaseID=2289887\"
        style=\"color: blue\">J1-CV-20-001852\u003C/a>\u003C/td>\u003Ctd valign=\"top\">Oportun
        Inc. vs. Jose Daniel Mojica Flores\u003C/td>\u003Ctd valign=\"top\" nowrap=\"true\">\u003Cdiv>06/10/2020\u003C/div>\u003Cdiv>Precinct
        One\u003C/div>\u003C/td>\u003Ctd valign=\"top\" nowrap=\"true\">\u003Cdiv>Debt
        Claim\u003C/div>\u003Cdiv>Dismissed\u003C/div>\u003C/td>\u003C/tr>\u003Ctr>\u003Ctd
        nowrap=\"true\" valign=\"top\">\u003Ca href=\"CaseDetail.aspx?CaseID=2289888\"
        style=\"color: blue\">J1-CV-20-001853\u003C/a>\u003C/td>\u003Ctd valign=\"top\">Conn
        Appliances, Inc. vs. Janie S Blake\u003C/td>\u003Ctd valign=\"top\" nowrap=\"true\">\u003Cdiv>06/10/2020\u003C/div>\u003Cdiv>Precinct
        One\u003C/div>\u003C/td>\u003Ctd valign=\"top\" nowrap=\"true\">\u003Cdiv>Debt
        Claim\u003C/div>\u003Cdiv>Active\u003C/div>\u003C/td>\u003C/tr>\u003Ctr bgcolor=\"#EEEEEE\">\u003Ctd
        nowrap=\"true\" valign=\"top\">\u003Ca href=\"CaseDetail.aspx?CaseID=2289890\"
        style=\"color: blue\">J1-CV-20-001854\u003C/a>\u003C/td>\u003Ctd valign=\"top\">Cavalry
        Spv I, Llc, As Assignee Of Citibank, N.a./aadvantage vs. Anthony W Sawtelle\u003C/td>\u003Ctd
        valign=\"top\" nowrap=\"true\">\u003Cdiv>06/10/2020\u003C/div>\u003Cdiv>Precinct
        One\u003C/div>\u003C/td>\u003Ctd valign=\"top\" nowrap=\"true\">\u003Cdiv>Debt
        Claim\u003C/div>\u003Cdiv>Dismissed\u003C/div>\u003C/td>\u003C/tr>\u003Ctr>\u003Ctd
        nowrap=\"true\" valign=\"top\">\u003Ca href=\"CaseDetail.aspx?CaseID=2289900\"
        style=\"color: blue\">J1-CV-20-001859\u003C/a>\u003C/td>\u003Ctd valign=\"top\">Midland
        Credit Management Inc. vs. Indra Nyoman\u003C/td>\u003Ctd valign=\"top\" nowrap=\"true\">\u003Cdiv>06/10/2020\u003C/div>\u003Cdiv>Precinct
        One\u003C/div>\u003C/td>\u003Ctd valign=\"top\" nowrap=\"true\">\u003Cdiv>Debt
        Claim\u003C/div>\u003Cdiv>Active\u003C/div>\u003C/td>\u003C/tr>\u003Ctr bgcolor=\"#EEEEEE\">\u003Ctd
        nowrap=\"true\" valign=\"top\">\u003Ca href=\"CaseDetail.aspx?CaseID=2289903\"
        style=\"color: blue\">J1-CV-20-001860\u003C/a>\u003C/td>\u003Ctd valign=\"top\">ATX
        Movers, LLC vs. Randalin V Shaffer\u003C/td>\u003Ctd valign=\"top\" nowrap=\"true\">\u003Cdiv>06/10/2020\u003C/div>\u003Cdiv>Precinct
        One\u003C/div>\u003C/td>\u003Ctd valign=\"top\" nowrap=\"true\">\u003Cdiv>Small
        Claims\u003C/div>\u003Cdiv>Active\u003C/div>\u003C/td>\u003C/tr>\u003Ctr>\u003Ctd
        nowrap=\"true\" valign=\"top\">\u003Ca href=\"CaseDetail.aspx?CaseID=2289904\"
        style=\"color: blue\">J1-CV-20-001861\u003C/a>\u003C/td>\u003Ctd valign=\"top\">UNIFUND
        CCR, LLC vs. AIDA SENE\u003C/td>\u003Ctd valign=\"top\" nowrap=\"true\">\u003Cdiv>06/10/2020\u003C/div>\u003Cdiv>Precinct
        One\u003C/div>\u003C/td>\u003Ctd valign=\"top\" nowrap=\"true\">\u003Cdiv>Debt
        Claim\u003C/div>\u003Cdiv>Active\u003C/div>\u003C/td>\u003C/tr>\u003Ctr bgcolor=\"#EEEEEE\">\u003Ctd
        nowrap=\"true\" valign=\"top\">\u003Ca href=\"CaseDetail.aspx?CaseID=2289905\"
        style=\"color: blue\">J1-CV-20-001862\u003C/a>\u003C/td>\u003Ctd valign=\"top\">Cavalry
        Spv I, Llc, As Assignee Of Capital One Bank (usa), N.a. vs. Jose Garcia\u003C/td>\u003Ctd
        valign=\"top\" nowrap=\"true\">\u003Cdiv>06/10/2020\u003C/div>\u003Cdiv>Precinct
        One\u003C/div>\u003C/td>\u003Ctd valign=\"top\" nowrap=\"true\">\u003Cdiv>Debt
        Claim\u003C/div>\u003Cdiv>Dismissed\u003C/div>\u003C/td>\u003C/tr>\u003Ctr>\u003Ctd
        nowrap=\"true\" valign=\"top\">\u003Ca href=\"CaseDetail.aspx?CaseID=2289906\"
        style=\"color: blue\">J1-CV-20-001863\u003C/a>\u003C/td>\u003Ctd valign=\"top\">Westlake
        Services, Llc, Dba Westlake Financial Services vs. Gustavo Chavarria\u003C/td>\u003Ctd
        valign=\"top\" nowrap=\"true\">\u003Cdiv>06/10/2020\u003C/div>\u003Cdiv>Precinct
        One\u003C/div>\u003C/td>\u003Ctd valign=\"top\" nowrap=\"true\">\u003Cdiv>Debt
        Claim\u003C/div>\u003Cdiv>Dismissed\u003C/div>\u003C/td>\u003C/tr>\u003Ctr
        bgcolor=\"#EEEEEE\">\u003Ctd nowrap=\"true\" valign=\"top\">\u003Ca href=\"CaseDetail.aspx?CaseID=2289917\"
        style=\"color: blue\">J1-CV-20-001865\u003C/a>\u003C/td>\u003Ctd valign=\"top\">Mobile
        Loaves &amp; Fishes, Inc vs. Elmus Peterson\u003C/td>\u003Ctd valign=\"top\"
        nowrap=\"true\">\u003Cdiv>06/10/2020\u003C/div>\u003Cdiv>Precinct One\u003C/div>\u003C/td>\u003Ctd
        valign=\"top\" nowrap=\"true\">\u003Cdiv>Eviction\u003C/div>\u003Cdiv>Dismissed\u003C/div>\u003C/td>\u003C/tr>\u003Ctr>\u003Ctd
        nowrap=\"true\" valign=\"top\">\u003Ca href=\"CaseDetail.aspx?CaseID=2290340\"
        style=\"color: blue\">J1-CV-20-001883\u003C/a>\u003C/td>\u003Ctd valign=\"top\">
        HNA Properties, L.L.P. vs. Maria Coria,Tyler Reeves\u003C/td>\u003Ctd valign=\"top\"
        nowrap=\"true\">\u003Cdiv>06/10/2020\u003C/div>\u003Cdiv>Precinct One\u003C/div>\u003C/td>\u003Ctd
        valign=\"top\" nowrap=\"true\">\u003Cdiv>Eviction\u003C/div>\u003Cdiv>Active\u003C/div>\u003C/td>\u003C/tr>\u003Ctr
        bgcolor=\"#EEEEEE\">\u003Ctd nowrap=\"true\" valign=\"top\">\u003Ca href=\"CaseDetail.aspx?CaseID=2289857\"
        style=\"color: blue\">J1-CV-20-001827\u003C/a>\u003C/td>\u003Ctd valign=\"top\">Jason
        Pinkham vs. Avis Rental Car\u003C/td>\u003Ctd valign=\"top\" nowrap=\"true\">\u003Cdiv>06/11/2020\u003C/div>\u003Cdiv>Precinct
        One\u003C/div>\u003C/td>\u003Ctd valign=\"top\" nowrap=\"true\">\u003Cdiv>Small
        Claims\u003C/div>\u003Cdiv>Active\u003C/div>\u003C/td>\u003C/tr>\u003Ctr>\u003Ctd
        nowrap=\"true\" valign=\"top\">\u003Ca href=\"CaseDetail.aspx?CaseID=2289859\"
        style=\"color: blue\">J1-CV-20-001828\u003C/a>\u003C/td>\u003Ctd valign=\"top\">MIDLAND
        CREDIT MANAGEMENT, INC. vs. NANCY COLFORD\u003C/td>\u003Ctd valign=\"top\"
        nowrap=\"true\">\u003Cdiv>06/11/2020\u003C/div>\u003Cdiv>Precinct One\u003C/div>\u003C/td>\u003Ctd
        valign=\"top\" nowrap=\"true\">\u003Cdiv>Debt Claim\u003C/div>\u003Cdiv>Dismissed\u003C/div>\u003C/td>\u003C/tr>\u003Ctr
        bgcolor=\"#EEEEEE\">\u003Ctd nowrap=\"true\" valign=\"top\">\u003Ca href=\"CaseDetail.aspx?CaseID=2289860\"
        style=\"color: blue\">J1-CV-20-001829\u003C/a>\u003C/td>\u003Ctd valign=\"top\">CONVERGING
        CAPITAL, LLC vs. Leodegario Lopez Garcia\u003C/td>\u003Ctd valign=\"top\"
        nowrap=\"true\">\u003Cdiv>06/11/2020\u003C/div>\u003Cdiv>Precinct One\u003C/div>\u003C/td>\u003Ctd
        valign=\"top\" nowrap=\"true\">\u003Cdiv>Debt Claim\u003C/div>\u003Cdiv>Final
        Status\u003C/div>\u003C/td>\u003C/tr>\u003Ctr>\u003Ctd nowrap=\"true\" valign=\"top\">\u003Ca
        href=\"CaseDetail.aspx?CaseID=2289861\" style=\"color: blue\">J1-CV-20-001830\u003C/a>\u003C/td>\u003Ctd
        valign=\"top\">Credit Corp Solutions Inc. vs. Christopher Cook\u003C/td>\u003Ctd
        valign=\"top\" nowrap=\"true\">\u003Cdiv>06/11/2020\u003C/div>\u003Cdiv>Precinct
        One\u003C/div>\u003C/td>\u003Ctd valign=\"top\" nowrap=\"true\">\u003Cdiv>Debt
        Claim\u003C/div>\u003Cdiv>Active\u003C/div>\u003C/td>\u003C/tr>\u003Ctr bgcolor=\"#EEEEEE\">\u003Ctd
        nowrap=\"true\" valign=\"top\">\u003Ca href=\"CaseDetail.aspx?CaseID=2289862\"
        style=\"color: blue\">J1-CV-20-001831\u003C/a>\u003C/td>\u003Ctd valign=\"top\">Conn
        Appliances Inc. vs. Viviana Walters\u003C/td>\u003Ctd valign=\"top\" nowrap=\"true\">\u003Cdiv>06/11/2020\u003C/div>\u003Cdiv>Precinct
        One\u003C/div>\u003C/td>\u003Ctd valign=\"top\" nowrap=\"true\">\u003Cdiv>Debt
        Claim\u003C/div>\u003Cdiv>Active\u003C/div>\u003C/td>\u003C/tr>\u003Ctr>\u003Ctd
        nowrap=\"true\" valign=\"top\">\u003Ca href=\"CaseDetail.aspx?CaseID=2289863\"
        style=\"color: blue\">J1-CV-20-001832\u003C/a>\u003C/td>\u003Ctd valign=\"top\">Conn
        Appliances Inc. vs. Guadalupe Monroy\u003C/td>\u003Ctd valign=\"top\" nowrap=\"true\">\u003Cdiv>06/11/2020\u003C/div>\u003Cdiv>Precinct
        One\u003C/div>\u003C/td>\u003Ctd valign=\"top\" nowrap=\"true\">\u003Cdiv>Debt
        Claim\u003C/div>\u003Cdiv>Active\u003C/div>\u003C/td>\u003C/tr>\u003Ctr bgcolor=\"#EEEEEE\">\u003Ctd
        nowrap=\"true\" valign=\"top\">\u003Ca href=\"CaseDetail.aspx?CaseID=2289864\"
        style=\"color: blue\">J1-CV-20-001833\u003C/a>\u003C/td>\u003Ctd valign=\"top\">Conn
        Appliances Inc. vs. Reynaldo Gutierrez\u003C/td>\u003Ctd valign=\"top\" nowrap=\"true\">\u003Cdiv>06/11/2020\u003C/div>\u003Cdiv>Precinct
        One\u003C/div>\u003C/td>\u003Ctd valign=\"top\" nowrap=\"true\">\u003Cdiv>Debt
        Claim\u003C/div>\u003Cdiv>Active\u003C/div>\u003C/td>\u003C/tr>\u003Ctr>\u003Ctd
        nowrap=\"true\" valign=\"top\">\u003Ca href=\"CaseDetail.aspx?CaseID=2289865\"
        style=\"color: blue\">J1-CV-20-001834\u003C/a>\u003C/td>\u003Ctd valign=\"top\">Conn
        Appliances Inc. vs. Mohammadma Ahmadi\u003C/td>\u003Ctd valign=\"top\" nowrap=\"true\">\u003Cdiv>06/11/2020\u003C/div>\u003Cdiv>Precinct
        One\u003C/div>\u003C/td>\u003Ctd valign=\"top\" nowrap=\"true\">\u003Cdiv>Debt
        Claim\u003C/div>\u003Cdiv>Active\u003C/div>\u003C/td>\u003C/tr>\u003Ctr bgcolor=\"#EEEEEE\">\u003Ctd
        nowrap=\"true\" valign=\"top\">\u003Ca href=\"CaseDetail.aspx?CaseID=2289866\"
        style=\"color: blue\">J1-CV-20-001835\u003C/a>\u003C/td>\u003Ctd valign=\"top\">Conn
        Appliances Inc. vs. Tania Ruiz\u003C/td>\u003Ctd valign=\"top\" nowrap=\"true\">\u003Cdiv>06/11/2020\u003C/div>\u003Cdiv>Precinct
        One\u003C/div>\u003C/td>\u003Ctd valign=\"top\" nowrap=\"true\">\u003Cdiv>Debt
        Claim\u003C/div>\u003Cdiv>Active\u003C/div>\u003C/td>\u003C/tr>\u003Ctr>\u003Ctd
        nowrap=\"true\" valign=\"top\">\u003Ca href=\"CaseDetail.aspx?CaseID=2289867\"
        style=\"color: blue\">J1-CV-20-001836\u003C/a>\u003C/td>\u003Ctd valign=\"top\">Conn
        Appliances Inc. vs. Christophe Shaw\u003C/td>\u003Ctd valign=\"top\" nowrap=\"true\">\u003Cdiv>06/11/2020\u003C/div>\u003Cdiv>Precinct
        One\u003C/div>\u003C/td>\u003Ctd valign=\"top\" nowrap=\"true\">\u003Cdiv>Debt
        Claim\u003C/div>\u003Cdiv>Active\u003C/div>\u003C/td>\u003C/tr>\u003Ctr bgcolor=\"#EEEEEE\">\u003Ctd
        nowrap=\"true\" valign=\"top\">\u003Ca href=\"CaseDetail.aspx?CaseID=2289868\"
        style=\"color: blue\">J1-CV-20-001837\u003C/a>\u003C/td>\u003Ctd valign=\"top\">Conn
        Appliances Inc. vs. Lakisha Shaw\u003C/td>\u003Ctd valign=\"top\" nowrap=\"true\">\u003Cdiv>06/11/2020\u003C/div>\u003Cdiv>Precinct
        One\u003C/div>\u003C/td>\u003Ctd valign=\"top\" nowrap=\"true\">\u003Cdiv>Debt
        Claim\u003C/div>\u003Cdiv>Active\u003C/div>\u003C/td>\u003C/tr>\u003Ctr>\u003Ctd
        nowrap=\"true\" valign=\"top\">\u003Ca href=\"CaseDetail.aspx?CaseID=2289869\"
        style=\"color: blue\">J1-CV-20-001838\u003C/a>\u003C/td>\u003Ctd valign=\"top\">Cavalry
        Spv I, Llc, As Assignee Of Synchrony Bank vs. Jorge Martin\u003C/td>\u003Ctd
        valign=\"top\" nowrap=\"true\">\u003Cdiv>06/11/2020\u003C/div>\u003Cdiv>Precinct
        One\u003C/div>\u003C/td>\u003Ctd valign=\"top\" nowrap=\"true\">\u003Cdiv>Debt
        Claim\u003C/div>\u003Cdiv>Dismissed\u003C/div>\u003C/td>\u003C/tr>\u003Ctr
        bgcolor=\"#EEEEEE\">\u003Ctd nowrap=\"true\" valign=\"top\">\u003Ca href=\"CaseDetail.aspx?CaseID=2289870\"
        style=\"color: blue\">J1-CV-20-001839\u003C/a>\u003C/td>\u003Ctd valign=\"top\">CONVERGING
        CAPITAL, LLC vs. Abdulai Kamara\u003C/td>\u003Ctd valign=\"top\" nowrap=\"true\">\u003Cdiv>06/11/2020\u003C/div>\u003Cdiv>Precinct
        One\u003C/div>\u003C/td>\u003Ctd valign=\"top\" nowrap=\"true\">\u003Cdiv>Debt
        Claim\u003C/div>\u003Cdiv>Dismissed\u003C/div>\u003C/td>\u003C/tr>\u003Ctr>\u003Ctd
        nowrap=\"true\" valign=\"top\">\u003Ca href=\"CaseDetail.aspx?CaseID=2289871\"
        style=\"color: blue\">J1-CV-20-001840\u003C/a>\u003C/td>\u003Ctd valign=\"top\">MIDLAND
        CREDIT MANAGEMENT, INC. vs. EMILY D BURNS\u003C/td>\u003Ctd valign=\"top\"
        nowrap=\"true\">\u003Cdiv>06/11/2020\u003C/div>\u003Cdiv>Precinct One\u003C/div>\u003C/td>\u003Ctd
        valign=\"top\" nowrap=\"true\">\u003Cdiv>Debt Claim\u003C/div>\u003Cdiv>Active\u003C/div>\u003C/td>\u003C/tr>\u003Ctr
        bgcolor=\"#EEEEEE\">\u003Ctd nowrap=\"true\" valign=\"top\">\u003Ca href=\"CaseDetail.aspx?CaseID=2289872\"
        style=\"color: blue\">J1-CV-20-001841\u003C/a>\u003C/td>\u003Ctd valign=\"top\">Cavalry
        Spv I, Llc, As Assignee Of Citibank, N.a. vs. Shawna Cuellar\u003C/td>\u003Ctd
        valign=\"top\" nowrap=\"true\">\u003Cdiv>06/11/2020\u003C/div>\u003Cdiv>Precinct
        One\u003C/div>\u003C/td>\u003Ctd valign=\"top\" nowrap=\"true\">\u003Cdiv>Debt
        Claim\u003C/div>\u003Cdiv>Final Status\u003C/div>\u003C/td>\u003C/tr>\u003Ctr>\u003Ctd
        nowrap=\"true\" valign=\"top\">\u003Ca href=\"CaseDetail.aspx?CaseID=2289873\"
        style=\"color: blue\">J1-CV-20-001842\u003C/a>\u003C/td>\u003Ctd valign=\"top\">Conn
        Appliances Inc. vs. Monica N. Castillo\u003C/td>\u003Ctd valign=\"top\" nowrap=\"true\">\u003Cdiv>06/11/2020\u003C/div>\u003Cdiv>Precinct
        One\u003C/div>\u003C/td>\u003Ctd valign=\"top\" nowrap=\"true\">\u003Cdiv>Debt
        Claim\u003C/div>\u003Cdiv>Active\u003C/div>\u003C/td>\u003C/tr>\u003Ctr bgcolor=\"#EEEEEE\">\u003Ctd
        nowrap=\"true\" valign=\"top\">\u003Ca href=\"CaseDetail.aspx?CaseID=2289874\"
        style=\"color: blue\">J1-CV-20-001843\u003C/a>\u003C/td>\u003Ctd valign=\"top\">Midland
        Credit Management Inc. vs. Colby Ricker\u003C/td>\u003Ctd valign=\"top\" nowrap=\"true\">\u003Cdiv>06/11/2020\u003C/div>\u003Cdiv>Precinct
        One\u003C/div>\u003C/td>\u003Ctd valign=\"top\" nowrap=\"true\">\u003Cdiv>Debt
        Claim\u003C/div>\u003Cdiv>Active\u003C/div>\u003C/td>\u003C/tr>\u003Ctr>\u003Ctd
        nowrap=\"true\" valign=\"top\">\u003Ca href=\"CaseDetail.aspx?CaseID=2289875\"
        style=\"color: blue\">J1-CV-20-001844\u003C/a>\u003C/td>\u003Ctd valign=\"top\">Jefferson
        Capital Systems Llc vs. John Parra\u003C/td>\u003Ctd valign=\"top\" nowrap=\"true\">\u003Cdiv>06/11/2020\u003C/div>\u003Cdiv>Precinct
        One\u003C/div>\u003C/td>\u003Ctd valign=\"top\" nowrap=\"true\">\u003Cdiv>Debt
        Claim\u003C/div>\u003Cdiv>Dismissed\u003C/div>\u003C/td>\u003C/tr>\u003Ctr
        bgcolor=\"#EEEEEE\">\u003Ctd nowrap=\"true\" valign=\"top\">\u003Ca href=\"CaseDetail.aspx?CaseID=2289891\"
        style=\"color: blue\">J1-CV-20-001855\u003C/a>\u003C/td>\u003Ctd valign=\"top\">MARINER
        FINANCE LLC vs. DEBORA J NEWTON\u003C/td>\u003Ctd valign=\"top\" nowrap=\"true\">\u003Cdiv>06/11/2020\u003C/div>\u003Cdiv>Precinct
        One\u003C/div>\u003C/td>\u003Ctd valign=\"top\" nowrap=\"true\">\u003Cdiv>Debt
        Claim\u003C/div>\u003Cdiv>Active\u003C/div>\u003C/td>\u003C/tr>\u003Ctr>\u003Ctd
        nowrap=\"true\" valign=\"top\">\u003Ca href=\"CaseDetail.aspx?CaseID=2289892\"
        style=\"color: blue\">J1-CV-20-001856\u003C/a>\u003C/td>\u003Ctd valign=\"top\">MIDLAND
        FUNDING LLC vs. VERONICA VALDEZ\u003C/td>\u003Ctd valign=\"top\" nowrap=\"true\">\u003Cdiv>06/11/2020\u003C/div>\u003Cdiv>Precinct
        One\u003C/div>\u003C/td>\u003Ctd valign=\"top\" nowrap=\"true\">\u003Cdiv>Debt
        Claim\u003C/div>\u003Cdiv>Dismissed\u003C/div>\u003C/td>\u003C/tr>\u003Ctr
        bgcolor=\"#EEEEEE\">\u003Ctd nowrap=\"true\" valign=\"top\">\u003Ca href=\"CaseDetail.aspx?CaseID=2289894\"
        style=\"color: blue\">J1-CV-20-001857\u003C/a>\u003C/td>\u003Ctd valign=\"top\">MIDLAND
        FUNDING LLC vs. JOSEPH NUNCIO\u003C/td>\u003Ctd valign=\"top\" nowrap=\"true\">\u003Cdiv>06/11/2020\u003C/div>\u003Cdiv>Precinct
        One\u003C/div>\u003C/td>\u003Ctd valign=\"top\" nowrap=\"true\">\u003Cdiv>Debt
        Claim\u003C/div>\u003Cdiv>Dismissed\u003C/div>\u003C/td>\u003C/tr>\u003Ctr>\u003Ctd
        nowrap=\"true\" valign=\"top\">\u003Ca href=\"CaseDetail.aspx?CaseID=2289895\"
        style=\"color: blue\">J1-CV-20-001858\u003C/a>\u003C/td>\u003Ctd valign=\"top\">CONVERGING
        CAPITAL, LLC vs. Jennifer Chenevert\u003C/td>\u003Ctd valign=\"top\" nowrap=\"true\">\u003Cdiv>06/11/2020\u003C/div>\u003Cdiv>Precinct
        One\u003C/div>\u003C/td>\u003Ctd valign=\"top\" nowrap=\"true\">\u003Cdiv>Debt
        Claim\u003C/div>\u003Cdiv>Active\u003C/div>\u003C/td>\u003C/tr>\u003Ctr bgcolor=\"#EEEEEE\">\u003Ctd
        nowrap=\"true\" valign=\"top\">\u003Ca href=\"CaseDetail.aspx?CaseID=2289916\"
        style=\"color: blue\">J1-CV-20-001864\u003C/a>\u003C/td>\u003Ctd valign=\"top\">Denver
        R Lee, JR  vs. Joel Cabrera, JR \u003C/td>\u003Ctd valign=\"top\" nowrap=\"true\">\u003Cdiv>06/11/2020\u003C/div>\u003Cdiv>Precinct
        One\u003C/div>\u003C/td>\u003Ctd valign=\"top\" nowrap=\"true\">\u003Cdiv>Eviction\u003C/div>\u003Cdiv>Active\u003C/div>\u003C/td>\u003C/tr>\u003Ctr>\u003Ctd
        nowrap=\"true\" valign=\"top\">\u003Ca href=\"CaseDetail.aspx?CaseID=2290112\"
        style=\"color: blue\">J1-CV-20-001867\u003C/a>\u003C/td>\u003Ctd valign=\"top\">CONVERGING
        CAPITAL, LLC vs. Demetreon Lewis\u003C/td>\u003Ctd valign=\"top\" nowrap=\"true\">\u003Cdiv>06/12/2020\u003C/div>\u003Cdiv>Precinct
        One\u003C/div>\u003C/td>\u003Ctd valign=\"top\" nowrap=\"true\">\u003Cdiv>Debt
        Claim\u003C/div>\u003Cdiv>Active\u003C/div>\u003C/td>\u003C/tr>\u003Ctr bgcolor=\"#EEEEEE\">\u003Ctd
        nowrap=\"true\" valign=\"top\">\u003Ca href=\"CaseDetail.aspx?CaseID=2290113\"
        style=\"color: blue\">J1-CV-20-001868\u003C/a>\u003C/td>\u003Ctd valign=\"top\">Jerra
        DeBoard Johnson vs. Massbur, LLC\u003C/td>\u003Ctd valign=\"top\" nowrap=\"true\">\u003Cdiv>06/12/2020\u003C/div>\u003Cdiv>Precinct
        One\u003C/div>\u003C/td>\u003Ctd valign=\"top\" nowrap=\"true\">\u003Cdiv>Small
        Claims\u003C/div>\u003Cdiv>Dismissed\u003C/div>\u003C/td>\u003C/tr>\u003Ctr>\u003Ctd
        nowrap=\"true\" valign=\"top\">\u003Ca href=\"CaseDetail.aspx?CaseID=2290114\"
        style=\"color: blue\">J1-CV-20-001869\u003C/a>\u003C/td>\u003Ctd valign=\"top\">CONVERGING
        CAPITAL, LLC vs. Angela Rochelle Wise\u003C/td>\u003Ctd valign=\"top\" nowrap=\"true\">\u003Cdiv>06/12/2020\u003C/div>\u003Cdiv>Precinct
        One\u003C/div>\u003C/td>\u003Ctd valign=\"top\" nowrap=\"true\">\u003Cdiv>Debt
        Claim\u003C/div>\u003Cdiv>Active\u003C/div>\u003C/td>\u003C/tr>\u003Ctr bgcolor=\"#EEEEEE\">\u003Ctd
        nowrap=\"true\" valign=\"top\">\u003Ca href=\"CaseDetail.aspx?CaseID=2290115\"
        style=\"color: blue\">J1-CV-20-001870\u003C/a>\u003C/td>\u003Ctd valign=\"top\">
        CONVERGING CAPITAL, LLC vs. Anthony Aubrey Terry\u003C/td>\u003Ctd valign=\"top\"
        nowrap=\"true\">\u003Cdiv>06/12/2020\u003C/div>\u003Cdiv>Precinct One\u003C/div>\u003C/td>\u003Ctd
        valign=\"top\" nowrap=\"true\">\u003Cdiv>Debt Claim\u003C/div>\u003Cdiv>Active\u003C/div>\u003C/td>\u003C/tr>\u003Ctr>\u003Ctd
        nowrap=\"true\" valign=\"top\">\u003Ca href=\"CaseDetail.aspx?CaseID=2290116\"
        style=\"color: blue\">J1-CV-20-001871\u003C/a>\u003C/td>\u003Ctd valign=\"top\">CONVERGING
        CAPITAL, LLC vs. Henrry M Leiva Carcamo\u003C/td>\u003Ctd valign=\"top\" nowrap=\"true\">\u003Cdiv>06/12/2020\u003C/div>\u003Cdiv>Precinct
        One\u003C/div>\u003C/td>\u003Ctd valign=\"top\" nowrap=\"true\">\u003Cdiv>Debt
        Claim\u003C/div>\u003Cdiv>Dismissed\u003C/div>\u003C/td>\u003C/tr>\u003Ctr
        bgcolor=\"#EEEEEE\">\u003Ctd nowrap=\"true\" valign=\"top\">\u003Ca href=\"CaseDetail.aspx?CaseID=2290117\"
        style=\"color: blue\">J1-CV-20-001872\u003C/a>\u003C/td>\u003Ctd valign=\"top\">CONVERGING
        CAPITAL, LLC vs. Beatriz J Becerra Errazu\u003C/td>\u003Ctd valign=\"top\"
        nowrap=\"true\">\u003Cdiv>06/12/2020\u003C/div>\u003Cdiv>Precinct One\u003C/div>\u003C/td>\u003Ctd
        valign=\"top\" nowrap=\"true\">\u003Cdiv>Debt Claim\u003C/div>\u003Cdiv>Active\u003C/div>\u003C/td>\u003C/tr>\u003Ctr>\u003Ctd
        nowrap=\"true\" valign=\"top\">\u003Ca href=\"CaseDetail.aspx?CaseID=2290118\"
        style=\"color: blue\">J1-CV-20-001873\u003C/a>\u003C/td>\u003Ctd valign=\"top\">
        River Ranch vs. Julio Zetina Contreras and all other occupants,Maribel Enriquez
        Jaurez and all other occupants\u003C/td>\u003Ctd valign=\"top\" nowrap=\"true\">\u003Cdiv>06/12/2020\u003C/div>\u003Cdiv>Precinct
        One\u003C/div>\u003C/td>\u003Ctd valign=\"top\" nowrap=\"true\">\u003Cdiv>Eviction\u003C/div>\u003Cdiv>Active\u003C/div>\u003C/td>\u003C/tr>\u003Ctr
        bgcolor=\"#EEEEEE\">\u003Ctd nowrap=\"true\" valign=\"top\">\u003Ca href=\"CaseDetail.aspx?CaseID=2290119\"
        style=\"color: blue\">J1-CV-20-001874\u003C/a>\u003C/td>\u003Ctd valign=\"top\">
        Branch Creek Estates vs. Elvia Puerto and all other occupants\u003C/td>\u003Ctd
        valign=\"top\" nowrap=\"true\">\u003Cdiv>06/12/2020\u003C/div>\u003Cdiv>Precinct
        One\u003C/div>\u003C/td>\u003Ctd valign=\"top\" nowrap=\"true\">\u003Cdiv>Eviction\u003C/div>\u003Cdiv>Active\u003C/div>\u003C/td>\u003C/tr>\u003Ctr>\u003Ctd
        nowrap=\"true\" valign=\"top\">\u003Ca href=\"CaseDetail.aspx?CaseID=2290111\"
        style=\"color: blue\">J1-CV-20-001866\u003C/a>\u003C/td>\u003Ctd valign=\"top\">Lakia
        Baldwin vs. Ad Astra Recovery Services, Inc.\u003C/td>\u003Ctd valign=\"top\"
        nowrap=\"true\">\u003Cdiv>06/15/2020\u003C/div>\u003Cdiv>Precinct One\u003C/div>\u003C/td>\u003Ctd
        valign=\"top\" nowrap=\"true\">\u003Cdiv>Small Claims\u003C/div>\u003Cdiv>Dismissed\u003C/div>\u003C/td>\u003C/tr>\u003Ctr
        bgcolor=\"#EEEEEE\">\u003Ctd nowrap=\"true\" valign=\"top\">\u003Ca href=\"CaseDetail.aspx?CaseID=2290152\"
        style=\"color: blue\">J1-CV-20-001875\u003C/a>\u003C/td>\u003Ctd valign=\"top\">DESIRE
        MUNYANKUYO vs. BERNARD DYKHOUSE,JOHN KING\u003C/td>\u003Ctd valign=\"top\"
        nowrap=\"true\">\u003Cdiv>06/15/2020\u003C/div>\u003Cdiv>Precinct One\u003C/div>\u003C/td>\u003Ctd
        valign=\"top\" nowrap=\"true\">\u003Cdiv>Small Claims\u003C/div>\u003Cdiv>Active\u003C/div>\u003C/td>\u003C/tr>\u003Ctr>\u003Ctd
        nowrap=\"true\" valign=\"top\">\u003Ca href=\"CaseDetail.aspx?CaseID=2290154\"
        style=\"color: blue\">J1-CV-20-001876\u003C/a>\u003C/td>\u003Ctd valign=\"top\">SANDRA
        SOTELO vs. MIA DECONDA JACKSON\u003C/td>\u003Ctd valign=\"top\" nowrap=\"true\">\u003Cdiv>06/15/2020\u003C/div>\u003Cdiv>Precinct
        One\u003C/div>\u003C/td>\u003Ctd valign=\"top\" nowrap=\"true\">\u003Cdiv>Eviction\u003C/div>\u003Cdiv>Active\u003C/div>\u003C/td>\u003C/tr>\u003Ctr
        bgcolor=\"#EEEEEE\">\u003Ctd nowrap=\"true\" valign=\"top\">\u003Ca href=\"CaseDetail.aspx?CaseID=2290217\"
        style=\"color: blue\">J1-CV-20-001877\u003C/a>\u003C/td>\u003Ctd valign=\"top\">DINH
        TONG vs. LAURA PIMENTEL ORTEGA\u003C/td>\u003Ctd valign=\"top\" nowrap=\"true\">\u003Cdiv>06/15/2020\u003C/div>\u003Cdiv>Precinct
        One\u003C/div>\u003C/td>\u003Ctd valign=\"top\" nowrap=\"true\">\u003Cdiv>Eviction\u003C/div>\u003Cdiv>Active\u003C/div>\u003C/td>\u003C/tr>\u003Ctr>\u003Ctd
        nowrap=\"true\" valign=\"top\">\u003Ca href=\"CaseDetail.aspx?CaseID=2290234\"
        style=\"color: blue\">J1-CV-20-001878\u003C/a>\u003C/td>\u003Ctd valign=\"top\">SHARRON
        K ELLIOTT,TIMOTHY J ELLIOTT vs. JULIA E MENNEN\u003C/td>\u003Ctd valign=\"top\"
        nowrap=\"true\">\u003Cdiv>06/15/2020\u003C/div>\u003Cdiv>Precinct One\u003C/div>\u003C/td>\u003Ctd
        valign=\"top\" nowrap=\"true\">\u003Cdiv>Eviction\u003C/div>\u003Cdiv>Final
        Status\u003C/div>\u003C/td>\u003C/tr>\u003Ctr bgcolor=\"#EEEEEE\">\u003Ctd
        nowrap=\"true\" valign=\"top\">\u003Ca href=\"CaseDetail.aspx?CaseID=2290306\"
        style=\"color: blue\">J1-CV-20-001879\u003C/a>\u003C/td>\u003Ctd valign=\"top\">PORTFOLIO
        RECOVERY ASSOCIATES, LLC vs. DEISY ARTEAGA\u003C/td>\u003Ctd valign=\"top\"
        nowrap=\"true\">\u003Cdiv>06/15/2020\u003C/div>\u003Cdiv>Precinct One\u003C/div>\u003C/td>\u003Ctd
        valign=\"top\" nowrap=\"true\">\u003Cdiv>Debt Claim\u003C/div>\u003Cdiv>Active\u003C/div>\u003C/td>\u003C/tr>\u003Ctr>\u003Ctd
        nowrap=\"true\" valign=\"top\">\u003Ca href=\"CaseDetail.aspx?CaseID=2290307\"
        style=\"color: blue\">J1-CV-20-001880\u003C/a>\u003C/td>\u003Ctd valign=\"top\">PORTFOLIO
        RECOVERY ASSOCIATES, LLC vs. JOSE G SPENCER\u003C/td>\u003Ctd valign=\"top\"
        nowrap=\"true\">\u003Cdiv>06/15/2020\u003C/div>\u003Cdiv>Precinct One\u003C/div>\u003C/td>\u003Ctd
        valign=\"top\" nowrap=\"true\">\u003Cdiv>Debt Claim\u003C/div>\u003Cdiv>Dismissed\u003C/div>\u003C/td>\u003C/tr>\u003Ctr
        bgcolor=\"#EEEEEE\">\u003Ctd nowrap=\"true\" valign=\"top\">\u003Ca href=\"CaseDetail.aspx?CaseID=2290308\"
        style=\"color: blue\">J1-CV-20-001881\u003C/a>\u003C/td>\u003Ctd valign=\"top\">Second
        Round Sub, LLC assignee of Comenity Bank (BEALLS) vs. YANET E GONZALEZ\u003C/td>\u003Ctd
        valign=\"top\" nowrap=\"true\">\u003Cdiv>06/15/2020\u003C/div>\u003Cdiv>Precinct
        One\u003C/div>\u003C/td>\u003Ctd valign=\"top\" nowrap=\"true\">\u003Cdiv>Debt
        Claim\u003C/div>\u003Cdiv>Dismissed\u003C/div>\u003C/td>\u003C/tr>\u003Ctr>\u003Ctd
        nowrap=\"true\" valign=\"top\">\u003Ca href=\"CaseDetail.aspx?CaseID=2290309\"
        style=\"color: blue\">J1-CV-20-001882\u003C/a>\u003C/td>\u003Ctd valign=\"top\">
        Ashford/Longbranch LLC vs. Lacrisha D Harris\u003C/td>\u003Ctd valign=\"top\"
        nowrap=\"true\">\u003Cdiv>06/15/2020\u003C/div>\u003Cdiv>Precinct One\u003C/div>\u003C/td>\u003Ctd
        valign=\"top\" nowrap=\"true\">\u003Cdiv>Eviction\u003C/div>\u003Cdiv>Active\u003C/div>\u003C/td>\u003C/tr>\u003Ctr
        bgcolor=\"#EEEEEE\">\u003Ctd nowrap=\"true\" valign=\"top\">\u003Ca href=\"CaseDetail.aspx?CaseID=2290359\"
        style=\"color: blue\">J1-CV-20-001884\u003C/a>\u003C/td>\u003Ctd valign=\"top\">HUGO
        RAYGOSA HERNANDEZ vs. RUBEN DE LUNA,BENJAMIN AGUIRE\u003C/td>\u003Ctd valign=\"top\"
        nowrap=\"true\">\u003Cdiv>06/16/2020\u003C/div>\u003Cdiv>Precinct One\u003C/div>\u003C/td>\u003Ctd
        valign=\"top\" nowrap=\"true\">\u003Cdiv>Eviction\u003C/div>\u003Cdiv>Active\u003C/div>\u003C/td>\u003C/tr>\u003Ctr>\u003Ctd
        nowrap=\"true\" valign=\"top\">\u003Ca href=\"CaseDetail.aspx?CaseID=2290395\"
        style=\"color: blue\">J1-CV-20-001885\u003C/a>\u003C/td>\u003Ctd valign=\"top\">
        6215 FM 969 LLC / NAJIB WEHBE vs. THE BV SPOT VINCENT WHITLEY,BRIAN BATTS\u003C/td>\u003Ctd
        valign=\"top\" nowrap=\"true\">\u003Cdiv>06/16/2020\u003C/div>\u003Cdiv>Precinct
        One\u003C/div>\u003C/td>\u003Ctd valign=\"top\" nowrap=\"true\">\u003Cdiv>Eviction\u003C/div>\u003Cdiv>Active\u003C/div>\u003C/td>\u003C/tr>\u003Ctr
        bgcolor=\"#EEEEEE\">\u003Ctd nowrap=\"true\" valign=\"top\">\u003Ca href=\"CaseDetail.aspx?CaseID=2290399\"
        style=\"color: blue\">J1-CV-20-001886\u003C/a>\u003C/td>\u003Ctd valign=\"top\">RAQUEL
        GAMEROS vs. CHARLES POSTELL\u003C/td>\u003Ctd valign=\"top\" nowrap=\"true\">\u003Cdiv>06/16/2020\u003C/div>\u003Cdiv>Precinct
        One\u003C/div>\u003C/td>\u003Ctd valign=\"top\" nowrap=\"true\">\u003Cdiv>Small
        Claims\u003C/div>\u003Cdiv>Active\u003C/div>\u003C/td>\u003C/tr>\u003Ctr>\u003Ctd
        nowrap=\"true\" valign=\"top\">\u003Ca href=\"CaseDetail.aspx?CaseID=2290775\"
        style=\"color: blue\">J1-CV-20-001888\u003C/a>\u003C/td>\u003Ctd valign=\"top\">Cavalry
        Spv I, Llc, As Assignee Of Department Stores National Bank vs. Michele Carter\u003C/td>\u003Ctd
        valign=\"top\" nowrap=\"true\">\u003Cdiv>06/16/2020\u003C/div>\u003Cdiv>Precinct
        One\u003C/div>\u003C/td>\u003Ctd valign=\"top\" nowrap=\"true\">\u003Cdiv>Debt
        Claim\u003C/div>\u003Cdiv>Dismissed\u003C/div>\u003C/td>\u003C/tr>\u003Ctr
        bgcolor=\"#EEEEEE\">\u003Ctd nowrap=\"true\" valign=\"top\">\u003Ca href=\"CaseDetail.aspx?CaseID=2290776\"
        style=\"color: blue\">J1-CV-20-001889\u003C/a>\u003C/td>\u003Ctd valign=\"top\">Conn
        Appliances, Inc. vs. Desiree Romo\u003C/td>\u003Ctd valign=\"top\" nowrap=\"true\">\u003Cdiv>06/16/2020\u003C/div>\u003Cdiv>Precinct
        One\u003C/div>\u003C/td>\u003Ctd valign=\"top\" nowrap=\"true\">\u003Cdiv>Debt
        Claim\u003C/div>\u003Cdiv>Active\u003C/div>\u003C/td>\u003C/tr>\u003Ctr>\u003Ctd
        nowrap=\"true\" valign=\"top\">\u003Ca href=\"CaseDetail.aspx?CaseID=2290777\"
        style=\"color: blue\">J1-CV-20-001890\u003C/a>\u003C/td>\u003Ctd valign=\"top\">Conn
        Appliances Inc. vs. Rosa M. Guajardo\u003C/td>\u003Ctd valign=\"top\" nowrap=\"true\">\u003Cdiv>06/16/2020\u003C/div>\u003Cdiv>Precinct
        One\u003C/div>\u003C/td>\u003Ctd valign=\"top\" nowrap=\"true\">\u003Cdiv>Debt
        Claim\u003C/div>\u003Cdiv>Active\u003C/div>\u003C/td>\u003C/tr>\u003Ctr bgcolor=\"#EEEEEE\">\u003Ctd
        nowrap=\"true\" valign=\"top\">\u003Ca href=\"CaseDetail.aspx?CaseID=2290778\"
        style=\"color: blue\">J1-CV-20-001891\u003C/a>\u003C/td>\u003Ctd valign=\"top\">Lvnv
        Funding Llc vs. Sandra Ramos\u003C/td>\u003Ctd valign=\"top\" nowrap=\"true\">\u003Cdiv>06/16/2020\u003C/div>\u003Cdiv>Precinct
        One\u003C/div>\u003C/td>\u003Ctd valign=\"top\" nowrap=\"true\">\u003Cdiv>Debt
        Claim\u003C/div>\u003Cdiv>Active\u003C/div>\u003C/td>\u003C/tr>\u003Ctr>\u003Ctd
        nowrap=\"true\" valign=\"top\">\u003Ca href=\"CaseDetail.aspx?CaseID=2290779\"
        style=\"color: blue\">J1-CV-20-001892\u003C/a>\u003C/td>\u003Ctd valign=\"top\">Conn
        Appliances Inc. vs. Sarah Kennedy\u003C/td>\u003Ctd valign=\"top\" nowrap=\"true\">\u003Cdiv>06/16/2020\u003C/div>\u003Cdiv>Precinct
        One\u003C/div>\u003C/td>\u003Ctd valign=\"top\" nowrap=\"true\">\u003Cdiv>Debt
        Claim\u003C/div>\u003Cdiv>Active\u003C/div>\u003C/td>\u003C/tr>\u003Ctr bgcolor=\"#EEEEEE\">\u003Ctd
        nowrap=\"true\" valign=\"top\">\u003Ca href=\"CaseDetail.aspx?CaseID=2290780\"
        style=\"color: blue\">J1-CV-20-001893\u003C/a>\u003C/td>\u003Ctd valign=\"top\">GEICO
        General Insurance Company  vs. Luz Perez Sanchez\u003C/td>\u003Ctd valign=\"top\"
        nowrap=\"true\">\u003Cdiv>06/16/2020\u003C/div>\u003Cdiv>Precinct One\u003C/div>\u003C/td>\u003Ctd
        valign=\"top\" nowrap=\"true\">\u003Cdiv>Small Claims\u003C/div>\u003Cdiv>Active\u003C/div>\u003C/td>\u003C/tr>\u003Ctr>\u003Ctd
        nowrap=\"true\" valign=\"top\">\u003Ca href=\"CaseDetail.aspx?CaseID=2290630\"
        style=\"color: blue\">J1-CV-20-001887\u003C/a>\u003C/td>\u003Ctd valign=\"top\">CALGARY
        SQUARE APTS vs. ROSANIO SOTO\u003C/td>\u003Ctd valign=\"top\" nowrap=\"true\">\u003Cdiv>06/17/2020\u003C/div>\u003Cdiv>Precinct
        One\u003C/div>\u003C/td>\u003Ctd valign=\"top\" nowrap=\"true\">\u003Cdiv>Eviction\u003C/div>\u003Cdiv>Active\u003C/div>\u003C/td>\u003C/tr>\u003Ctr
        bgcolor=\"#EEEEEE\">\u003Ctd nowrap=\"true\" valign=\"top\">\u003Ca href=\"CaseDetail.aspx?CaseID=2290781\"
        style=\"color: blue\">J1-CV-20-001894\u003C/a>\u003C/td>\u003Ctd valign=\"top\">MIDLAND
        FUNDING LLC vs. SHERYL MILLER\u003C/td>\u003Ctd valign=\"top\" nowrap=\"true\">\u003Cdiv>06/17/2020\u003C/div>\u003Cdiv>Precinct
        One\u003C/div>\u003C/td>\u003Ctd valign=\"top\" nowrap=\"true\">\u003Cdiv>Debt
        Claim\u003C/div>\u003Cdiv>Active\u003C/div>\u003C/td>\u003C/tr>\u003Ctr>\u003Ctd
        nowrap=\"true\" valign=\"top\">\u003Ca href=\"CaseDetail.aspx?CaseID=2290782\"
        style=\"color: blue\">J1-CV-20-001895\u003C/a>\u003C/td>\u003Ctd valign=\"top\">Conn
        Appliances Inc. vs. Linda Joiner\u003C/td>\u003Ctd valign=\"top\" nowrap=\"true\">\u003Cdiv>06/17/2020\u003C/div>\u003Cdiv>Precinct
        One\u003C/div>\u003C/td>\u003Ctd valign=\"top\" nowrap=\"true\">\u003Cdiv>Debt
        Claim\u003C/div>\u003Cdiv>Active\u003C/div>\u003C/td>\u003C/tr>\u003Ctr bgcolor=\"#EEEEEE\">\u003Ctd
        nowrap=\"true\" valign=\"top\">\u003Ca href=\"CaseDetail.aspx?CaseID=2290783\"
        style=\"color: blue\">J1-CV-20-001896\u003C/a>\u003C/td>\u003Ctd valign=\"top\">Conn
        Appliances Inc. vs. Kristopher Hankins\u003C/td>\u003Ctd valign=\"top\" nowrap=\"true\">\u003Cdiv>06/17/2020\u003C/div>\u003Cdiv>Precinct
        One\u003C/div>\u003C/td>\u003Ctd valign=\"top\" nowrap=\"true\">\u003Cdiv>Debt
        Claim\u003C/div>\u003Cdiv>Active\u003C/div>\u003C/td>\u003C/tr>\u003Ctr>\u003Ctd
        nowrap=\"true\" valign=\"top\">\u003Ca href=\"CaseDetail.aspx?CaseID=2290784\"
        style=\"color: blue\">J1-CV-20-001897\u003C/a>\u003C/td>\u003Ctd valign=\"top\">Conn
        Appliances Inc. vs. Kristopher Hankins\u003C/td>\u003Ctd valign=\"top\" nowrap=\"true\">\u003Cdiv>06/17/2020\u003C/div>\u003Cdiv>Precinct
        One\u003C/div>\u003C/td>\u003Ctd valign=\"top\" nowrap=\"true\">\u003Cdiv>Debt
        Claim\u003C/div>\u003Cdiv>Active\u003C/div>\u003C/td>\u003C/tr>\u003Ctr bgcolor=\"#EEEEEE\">\u003Ctd
        nowrap=\"true\" valign=\"top\">\u003Ca href=\"CaseDetail.aspx?CaseID=2290785\"
        style=\"color: blue\">J1-CV-20-001898\u003C/a>\u003C/td>\u003Ctd valign=\"top\">Conn
        Appliances Inc. vs. Jeffrey Puckett\u003C/td>\u003Ctd valign=\"top\" nowrap=\"true\">\u003Cdiv>06/17/2020\u003C/div>\u003Cdiv>Precinct
        One\u003C/div>\u003C/td>\u003Ctd valign=\"top\" nowrap=\"true\">\u003Cdiv>Debt
        Claim\u003C/div>\u003Cdiv>Active\u003C/div>\u003C/td>\u003C/tr>\u003Ctr>\u003Ctd
        nowrap=\"true\" valign=\"top\">\u003Ca href=\"CaseDetail.aspx?CaseID=2290786\"
        style=\"color: blue\">J1-CV-20-001899\u003C/a>\u003C/td>\u003Ctd valign=\"top\">Oportun
        Inc. vs. Flor Azucena Castillo\u003C/td>\u003Ctd valign=\"top\" nowrap=\"true\">\u003Cdiv>06/17/2020\u003C/div>\u003Cdiv>Precinct
        One\u003C/div>\u003C/td>\u003Ctd valign=\"top\" nowrap=\"true\">\u003Cdiv>Debt
        Claim\u003C/div>\u003Cdiv>Dismissed\u003C/div>\u003C/td>\u003C/tr>\u003Ctr
        bgcolor=\"#EEEEEE\">\u003Ctd nowrap=\"true\" valign=\"top\">\u003Ca href=\"CaseDetail.aspx?CaseID=2290787\"
        style=\"color: blue\">J1-CV-20-001900\u003C/a>\u003C/td>\u003Ctd valign=\"top\">Oportun
        Inc. vs. Israel Raul Valencia Martinez\u003C/td>\u003Ctd valign=\"top\" nowrap=\"true\">\u003Cdiv>06/17/2020\u003C/div>\u003Cdiv>Precinct
        One\u003C/div>\u003C/td>\u003Ctd valign=\"top\" nowrap=\"true\">\u003Cdiv>Debt
        Claim\u003C/div>\u003Cdiv>Dismissed\u003C/div>\u003C/td>\u003C/tr>\u003Ctr>\u003Ctd
        nowrap=\"true\" valign=\"top\">\u003Ca href=\"CaseDetail.aspx?CaseID=2290788\"
        style=\"color: blue\">J1-CV-20-001901\u003C/a>\u003C/td>\u003Ctd valign=\"top\">First
        Portfolio Ventures I, Llc vs. Keith W Didion\u003C/td>\u003Ctd valign=\"top\"
        nowrap=\"true\">\u003Cdiv>06/17/2020\u003C/div>\u003Cdiv>Precinct One\u003C/div>\u003C/td>\u003Ctd
        valign=\"top\" nowrap=\"true\">\u003Cdiv>Debt Claim\u003C/div>\u003Cdiv>Dismissed\u003C/div>\u003C/td>\u003C/tr>\u003Ctr
        bgcolor=\"#EEEEEE\">\u003Ctd nowrap=\"true\" valign=\"top\">\u003Ca href=\"CaseDetail.aspx?CaseID=2290893\"
        style=\"color: blue\">J1-CV-20-001902\u003C/a>\u003C/td>\u003Ctd valign=\"top\">STORMY
        &amp; RANGER EQUINE,ASIA LAWSON,AZIOUNNA LAWSON,ARLENDA LAWSON vs. COOMBS
        STABLE,JOEL COOMBS\u003C/td>\u003Ctd valign=\"top\" nowrap=\"true\">\u003Cdiv>06/18/2020\u003C/div>\u003Cdiv>Precinct
        One\u003C/div>\u003C/td>\u003Ctd valign=\"top\" nowrap=\"true\">\u003Cdiv>Small
        Claims\u003C/div>\u003Cdiv>Active\u003C/div>\u003C/td>\u003C/tr>\u003Ctr>\u003Ctd
        nowrap=\"true\" valign=\"top\">\u003Ca href=\"CaseDetail.aspx?CaseID=2290959\"
        style=\"color: blue\">J1-CV-20-001903\u003C/a>\u003C/td>\u003Ctd valign=\"top\">Allstate
        County Mutual Insurance Company As Subrogee Of Maria Isabel Triana vs. Kelsey
        Holmes\u003C/td>\u003Ctd valign=\"top\" nowrap=\"true\">\u003Cdiv>06/18/2020\u003C/div>\u003Cdiv>Precinct
        One\u003C/div>\u003C/td>\u003Ctd valign=\"top\" nowrap=\"true\">\u003Cdiv>Small
        Claims\u003C/div>\u003Cdiv>Dismissed\u003C/div>\u003C/td>\u003C/tr>\u003Ctr
        bgcolor=\"#EEEEEE\">\u003Ctd nowrap=\"true\" valign=\"top\">\u003Ca href=\"CaseDetail.aspx?CaseID=2290960\"
        style=\"color: blue\">J1-CV-20-001904\u003C/a>\u003C/td>\u003Ctd valign=\"top\">Conn
        Appliances Inc. vs. Mauro Samago\u003C/td>\u003Ctd valign=\"top\" nowrap=\"true\">\u003Cdiv>06/18/2020\u003C/div>\u003Cdiv>Precinct
        One\u003C/div>\u003C/td>\u003Ctd valign=\"top\" nowrap=\"true\">\u003Cdiv>Debt
        Claim\u003C/div>\u003Cdiv>Active\u003C/div>\u003C/td>\u003C/tr>\u003Ctr>\u003Ctd
        nowrap=\"true\" valign=\"top\">\u003Ca href=\"CaseDetail.aspx?CaseID=2290961\"
        style=\"color: blue\">J1-CV-20-001905\u003C/a>\u003C/td>\u003Ctd valign=\"top\">Mary
        Allison Rossiter vs. Aloha Construction &amp; Remodeling LLC\u003C/td>\u003Ctd
        valign=\"top\" nowrap=\"true\">\u003Cdiv>06/19/2020\u003C/div>\u003Cdiv>Precinct
        One\u003C/div>\u003C/td>\u003Ctd valign=\"top\" nowrap=\"true\">\u003Cdiv>Small
        Claims\u003C/div>\u003Cdiv>Active\u003C/div>\u003C/td>\u003C/tr>\u003Ctr bgcolor=\"#EEEEEE\">\u003Ctd
        nowrap=\"true\" valign=\"top\">\u003Ca href=\"CaseDetail.aspx?CaseID=2290962\"
        style=\"color: blue\">J1-CV-20-001906\u003C/a>\u003C/td>\u003Ctd valign=\"top\">Conn
        Appliances Inc. vs. Tonya Reed\u003C/td>\u003Ctd valign=\"top\" nowrap=\"true\">\u003Cdiv>06/19/2020\u003C/div>\u003Cdiv>Precinct
        One\u003C/div>\u003C/td>\u003Ctd valign=\"top\" nowrap=\"true\">\u003Cdiv>Debt
        Claim\u003C/div>\u003Cdiv>Active\u003C/div>\u003C/td>\u003C/tr>\u003Ctr>\u003Ctd
        nowrap=\"true\" valign=\"top\">\u003Ca href=\"CaseDetail.aspx?CaseID=2290963\"
        style=\"color: blue\">J1-CV-20-001907\u003C/a>\u003C/td>\u003Ctd valign=\"top\">Conn
        Appliances Inc. vs. Reyna C. Lewis\u003C/td>\u003Ctd valign=\"top\" nowrap=\"true\">\u003Cdiv>06/19/2020\u003C/div>\u003Cdiv>Precinct
        One\u003C/div>\u003C/td>\u003Ctd valign=\"top\" nowrap=\"true\">\u003Cdiv>Debt
        Claim\u003C/div>\u003Cdiv>Active\u003C/div>\u003C/td>\u003C/tr>\u003Ctr bgcolor=\"#EEEEEE\">\u003Ctd
        nowrap=\"true\" valign=\"top\">\u003Ca href=\"CaseDetail.aspx?CaseID=2290965\"
        style=\"color: blue\">J1-CV-20-001908\u003C/a>\u003C/td>\u003Ctd valign=\"top\">CONVERGING
        CAPITAL, LLC vs. CASSANDRA GONZALEZ\u003C/td>\u003Ctd valign=\"top\" nowrap=\"true\">\u003Cdiv>06/19/2020\u003C/div>\u003Cdiv>Precinct
        One\u003C/div>\u003C/td>\u003Ctd valign=\"top\" nowrap=\"true\">\u003Cdiv>Debt
        Claim\u003C/div>\u003Cdiv>Dismissed\u003C/div>\u003C/td>\u003C/tr>\u003Ctr>\u003Ctd
        nowrap=\"true\" valign=\"top\">\u003Ca href=\"CaseDetail.aspx?CaseID=2290967\"
        style=\"color: blue\">J1-CV-20-001909\u003C/a>\u003C/td>\u003Ctd valign=\"top\">CONVERGING
        CAPITAL, LLC vs. KANEASHA ASHIVAR BRANDI ROGERS\u003C/td>\u003Ctd valign=\"top\"
        nowrap=\"true\">\u003Cdiv>06/19/2020\u003C/div>\u003Cdiv>Precinct One\u003C/div>\u003C/td>\u003Ctd
        valign=\"top\" nowrap=\"true\">\u003Cdiv>Debt Claim\u003C/div>\u003Cdiv>Dismissed\u003C/div>\u003C/td>\u003C/tr>\u003Ctr
        bgcolor=\"#EEEEEE\">\u003Ctd nowrap=\"true\" valign=\"top\">\u003Ca href=\"CaseDetail.aspx?CaseID=2290968\"
        style=\"color: blue\">J1-CV-20-001910\u003C/a>\u003C/td>\u003Ctd valign=\"top\">MIDLAND
        FUNDING LLC vs. LEODEGARIO GARCIA\u003C/td>\u003Ctd valign=\"top\" nowrap=\"true\">\u003Cdiv>06/19/2020\u003C/div>\u003Cdiv>Precinct
        One\u003C/div>\u003C/td>\u003Ctd valign=\"top\" nowrap=\"true\">\u003Cdiv>Debt
        Claim\u003C/div>\u003Cdiv>Active\u003C/div>\u003C/td>\u003C/tr>\u003Ctr>\u003Ctd
        nowrap=\"true\" valign=\"top\">\u003Ca href=\"CaseDetail.aspx?CaseID=2291165\"
        style=\"color: blue\">J1-CV-20-001911\u003C/a>\u003C/td>\u003Ctd valign=\"top\">Conn
        Appliances Inc. vs. Christian Gaytan\u003C/td>\u003Ctd valign=\"top\" nowrap=\"true\">\u003Cdiv>06/22/2020\u003C/div>\u003Cdiv>Precinct
        One\u003C/div>\u003C/td>\u003Ctd valign=\"top\" nowrap=\"true\">\u003Cdiv>Debt
        Claim\u003C/div>\u003Cdiv>Active\u003C/div>\u003C/td>\u003C/tr>\u003Ctr bgcolor=\"#EEEEEE\">\u003Ctd
        nowrap=\"true\" valign=\"top\">\u003Ca href=\"CaseDetail.aspx?CaseID=2291166\"
        style=\"color: blue\">J1-CV-20-001912\u003C/a>\u003C/td>\u003Ctd valign=\"top\">Conn
        Appliances Inc. vs. Chrissy R. Garza\u003C/td>\u003Ctd valign=\"top\" nowrap=\"true\">\u003Cdiv>06/22/2020\u003C/div>\u003Cdiv>Precinct
        One\u003C/div>\u003C/td>\u003Ctd valign=\"top\" nowrap=\"true\">\u003Cdiv>Debt
        Claim\u003C/div>\u003Cdiv>Active\u003C/div>\u003C/td>\u003C/tr>\u003Ctr>\u003Ctd
        nowrap=\"true\" valign=\"top\">\u003Ca href=\"CaseDetail.aspx?CaseID=2291167\"
        style=\"color: blue\">J1-CV-20-001913\u003C/a>\u003C/td>\u003Ctd valign=\"top\">Lvnv
        Funding Llc vs. Linda Tran\u003C/td>\u003Ctd valign=\"top\" nowrap=\"true\">\u003Cdiv>06/22/2020\u003C/div>\u003Cdiv>Precinct
        One\u003C/div>\u003C/td>\u003Ctd valign=\"top\" nowrap=\"true\">\u003Cdiv>Debt
        Claim\u003C/div>\u003Cdiv>Active\u003C/div>\u003C/td>\u003C/tr>\u003Ctr bgcolor=\"#EEEEEE\">\u003Ctd
        nowrap=\"true\" valign=\"top\">\u003Ca href=\"CaseDetail.aspx?CaseID=2291168\"
        style=\"color: blue\">J1-CV-20-001914\u003C/a>\u003C/td>\u003Ctd valign=\"top\">Conn
        Appliances Inc. vs. Sheniqua D. Russell\u003C/td>\u003Ctd valign=\"top\" nowrap=\"true\">\u003Cdiv>06/22/2020\u003C/div>\u003Cdiv>Precinct
        One\u003C/div>\u003C/td>\u003Ctd valign=\"top\" nowrap=\"true\">\u003Cdiv>Debt
        Claim\u003C/div>\u003Cdiv>Active\u003C/div>\u003C/td>\u003C/tr>\u003Ctr>\u003Ctd
        nowrap=\"true\" valign=\"top\">\u003Ca href=\"CaseDetail.aspx?CaseID=2291169\"
        style=\"color: blue\">J1-CV-20-001915\u003C/a>\u003C/td>\u003Ctd valign=\"top\">Lvnv
        Funding Llc vs. Raymond Gilford\u003C/td>\u003Ctd valign=\"top\" nowrap=\"true\">\u003Cdiv>06/22/2020\u003C/div>\u003Cdiv>Precinct
        One\u003C/div>\u003C/td>\u003Ctd valign=\"top\" nowrap=\"true\">\u003Cdiv>Debt
        Claim\u003C/div>\u003Cdiv>Active\u003C/div>\u003C/td>\u003C/tr>\u003Ctr bgcolor=\"#EEEEEE\">\u003Ctd
        nowrap=\"true\" valign=\"top\">\u003Ca href=\"CaseDetail.aspx?CaseID=2291170\"
        style=\"color: blue\">J1-CV-20-001916\u003C/a>\u003C/td>\u003Ctd valign=\"top\">Lvnv
        Funding Llc vs. Christine Marquez\u003C/td>\u003Ctd valign=\"top\" nowrap=\"true\">\u003Cdiv>06/22/2020\u003C/div>\u003Cdiv>Precinct
        One\u003C/div>\u003C/td>\u003Ctd valign=\"top\" nowrap=\"true\">\u003Cdiv>Debt
        Claim\u003C/div>\u003Cdiv>Active\u003C/div>\u003C/td>\u003C/tr>\u003Ctr>\u003Ctd
        nowrap=\"true\" valign=\"top\">\u003Ca href=\"CaseDetail.aspx?CaseID=2291171\"
        style=\"color: blue\">J1-CV-20-001917\u003C/a>\u003C/td>\u003Ctd valign=\"top\">Conn
        Appliances Inc. vs. Perry Brunson\u003C/td>\u003Ctd valign=\"top\" nowrap=\"true\">\u003Cdiv>06/22/2020\u003C/div>\u003Cdiv>Precinct
        One\u003C/div>\u003C/td>\u003Ctd valign=\"top\" nowrap=\"true\">\u003Cdiv>Debt
        Claim\u003C/div>\u003Cdiv>Active\u003C/div>\u003C/td>\u003C/tr>\u003Ctr bgcolor=\"#EEEEEE\">\u003Ctd
        nowrap=\"true\" valign=\"top\">\u003Ca href=\"CaseDetail.aspx?CaseID=2291172\"
        style=\"color: blue\">J1-CV-20-001918\u003C/a>\u003C/td>\u003Ctd valign=\"top\">
        MARINER FINANCE LLC vs. DIANE R HARRIS\u003C/td>\u003Ctd valign=\"top\" nowrap=\"true\">\u003Cdiv>06/22/2020\u003C/div>\u003Cdiv>Precinct
        One\u003C/div>\u003C/td>\u003Ctd valign=\"top\" nowrap=\"true\">\u003Cdiv>Debt
        Claim\u003C/div>\u003Cdiv>Active\u003C/div>\u003C/td>\u003C/tr>\u003Ctr>\u003Ctd
        nowrap=\"true\" valign=\"top\">\u003Ca href=\"CaseDetail.aspx?CaseID=2291173\"
        style=\"color: blue\">J1-CV-20-001919\u003C/a>\u003C/td>\u003Ctd valign=\"top\">PORTFOLIO
        RECOVERY ASSOCIATES, LLC ASSIGNEE OF BARCLAYS BANK DELAWARE / BARCLAYS BANK
        DELAWARE vs. EL HADJI SENE\u003C/td>\u003Ctd valign=\"top\" nowrap=\"true\">\u003Cdiv>06/22/2020\u003C/div>\u003Cdiv>Precinct
        One\u003C/div>\u003C/td>\u003Ctd valign=\"top\" nowrap=\"true\">\u003Cdiv>Debt
        Claim\u003C/div>\u003Cdiv>Active\u003C/div>\u003C/td>\u003C/tr>\u003Ctr bgcolor=\"#EEEEEE\">\u003Ctd
        nowrap=\"true\" valign=\"top\">\u003Ca href=\"CaseDetail.aspx?CaseID=2291400\"
        style=\"color: blue\">J1-CV-20-001920\u003C/a>\u003C/td>\u003Ctd valign=\"top\">Conn
        Appliances Inc. vs. Cynthia E. Guerra\u003C/td>\u003Ctd valign=\"top\" nowrap=\"true\">\u003Cdiv>06/23/2020\u003C/div>\u003Cdiv>Precinct
        One\u003C/div>\u003C/td>\u003Ctd valign=\"top\" nowrap=\"true\">\u003Cdiv>Debt
        Claim\u003C/div>\u003Cdiv>Active\u003C/div>\u003C/td>\u003C/tr>\u003Ctr>\u003Ctd
        nowrap=\"true\" valign=\"top\">\u003Ca href=\"CaseDetail.aspx?CaseID=2291401\"
        style=\"color: blue\">J1-CV-20-001921\u003C/a>\u003C/td>\u003Ctd valign=\"top\">Conn
        Appliances Inc. vs. Latoine A. Morris\u003C/td>\u003Ctd valign=\"top\" nowrap=\"true\">\u003Cdiv>06/23/2020\u003C/div>\u003Cdiv>Precinct
        One\u003C/div>\u003C/td>\u003Ctd valign=\"top\" nowrap=\"true\">\u003Cdiv>Debt
        Claim\u003C/div>\u003Cdiv>Active\u003C/div>\u003C/td>\u003C/tr>\u003Ctr bgcolor=\"#EEEEEE\">\u003Ctd
        nowrap=\"true\" valign=\"top\">\u003Ca href=\"CaseDetail.aspx?CaseID=2291402\"
        style=\"color: blue\">J1-CV-20-001922\u003C/a>\u003C/td>\u003Ctd valign=\"top\">Conn
        Appliances Inc. vs. Juan Aguirre\u003C/td>\u003Ctd valign=\"top\" nowrap=\"true\">\u003Cdiv>06/23/2020\u003C/div>\u003Cdiv>Precinct
        One\u003C/div>\u003C/td>\u003Ctd valign=\"top\" nowrap=\"true\">\u003Cdiv>Debt
        Claim\u003C/div>\u003Cdiv>Active\u003C/div>\u003C/td>\u003C/tr>\u003Ctr>\u003Ctd
        nowrap=\"true\" valign=\"top\">\u003Ca href=\"CaseDetail.aspx?CaseID=2291403\"
        style=\"color: blue\">J1-CV-20-001923\u003C/a>\u003C/td>\u003Ctd valign=\"top\">Conn
        Appliances Inc. vs. Robert E. Fulton\u003C/td>\u003Ctd valign=\"top\" nowrap=\"true\">\u003Cdiv>06/23/2020\u003C/div>\u003Cdiv>Precinct
        One\u003C/div>\u003C/td>\u003Ctd valign=\"top\" nowrap=\"true\">\u003Cdiv>Debt
        Claim\u003C/div>\u003Cdiv>Active\u003C/div>\u003C/td>\u003C/tr>\u003Ctr bgcolor=\"#EEEEEE\">\u003Ctd
        nowrap=\"true\" valign=\"top\">\u003Ca href=\"CaseDetail.aspx?CaseID=2291404\"
        style=\"color: blue\">J1-CV-20-001924\u003C/a>\u003C/td>\u003Ctd valign=\"top\">Conn
        Appliances Inc. vs. Juan Aguirre\u003C/td>\u003Ctd valign=\"top\" nowrap=\"true\">\u003Cdiv>06/23/2020\u003C/div>\u003Cdiv>Precinct
        One\u003C/div>\u003C/td>\u003Ctd valign=\"top\" nowrap=\"true\">\u003Cdiv>Debt
        Claim\u003C/div>\u003Cdiv>Active\u003C/div>\u003C/td>\u003C/tr>\u003Ctr>\u003Ctd
        nowrap=\"true\" valign=\"top\">\u003Ca href=\"CaseDetail.aspx?CaseID=2291405\"
        style=\"color: blue\">J1-CV-20-001925\u003C/a>\u003C/td>\u003Ctd valign=\"top\">Conn
        Appliances Inc. vs. Asucena Marin\u003C/td>\u003Ctd valign=\"top\" nowrap=\"true\">\u003Cdiv>06/23/2020\u003C/div>\u003Cdiv>Precinct
        One\u003C/div>\u003C/td>\u003Ctd valign=\"top\" nowrap=\"true\">\u003Cdiv>Debt
        Claim\u003C/div>\u003Cdiv>Active\u003C/div>\u003C/td>\u003C/tr>\u003Ctr bgcolor=\"#EEEEEE\">\u003Ctd
        nowrap=\"true\" valign=\"top\">\u003Ca href=\"CaseDetail.aspx?CaseID=2291406\"
        style=\"color: blue\">J1-CV-20-001926\u003C/a>\u003C/td>\u003Ctd valign=\"top\">Portfolio
        Recovery Associates Llc vs. Szemelle Jefferson\u003C/td>\u003Ctd valign=\"top\"
        nowrap=\"true\">\u003Cdiv>06/23/2020\u003C/div>\u003Cdiv>Precinct One\u003C/div>\u003C/td>\u003Ctd
        valign=\"top\" nowrap=\"true\">\u003Cdiv>Debt Claim\u003C/div>\u003Cdiv>Active\u003C/div>\u003C/td>\u003C/tr>\u003Ctr>\u003Ctd
        nowrap=\"true\" valign=\"top\">\u003Ca href=\"CaseDetail.aspx?CaseID=2291407\"
        style=\"color: blue\">J1-CV-20-001927\u003C/a>\u003C/td>\u003Ctd valign=\"top\">Portfolio
        Recovery Associates, Llc Assignee Of Synchrony Bank / Synchrony Bank vs. Daniel
        Perez\u003C/td>\u003Ctd valign=\"top\" nowrap=\"true\">\u003Cdiv>06/23/2020\u003C/div>\u003Cdiv>Precinct
        One\u003C/div>\u003C/td>\u003Ctd valign=\"top\" nowrap=\"true\">\u003Cdiv>Debt
        Claim\u003C/div>\u003Cdiv>Dismissed\u003C/div>\u003C/td>\u003C/tr>\u003Ctr
        bgcolor=\"#EEEEEE\">\u003Ctd nowrap=\"true\" valign=\"top\">\u003Ca href=\"CaseDetail.aspx?CaseID=2291409\"
        style=\"color: blue\">J1-CV-20-001928\u003C/a>\u003C/td>\u003Ctd valign=\"top\">
        MARINER FINANCE vs. KERRY KNOX\u003C/td>\u003Ctd valign=\"top\" nowrap=\"true\">\u003Cdiv>06/23/2020\u003C/div>\u003Cdiv>Precinct
        One\u003C/div>\u003C/td>\u003Ctd valign=\"top\" nowrap=\"true\">\u003Cdiv>Debt
        Claim\u003C/div>\u003Cdiv>Active\u003C/div>\u003C/td>\u003C/tr>\u003Ctr>\u003Ctd
        nowrap=\"true\" valign=\"top\">\u003Ca href=\"CaseDetail.aspx?CaseID=2291412\"
        style=\"color: blue\">J1-CV-20-001929\u003C/a>\u003C/td>\u003Ctd valign=\"top\">Rachel
        Stolzenberg vs.  Aquaholics Watercraft Rentals\u003C/td>\u003Ctd valign=\"top\"
        nowrap=\"true\">\u003Cdiv>06/23/2020\u003C/div>\u003Cdiv>Precinct One\u003C/div>\u003C/td>\u003Ctd
        valign=\"top\" nowrap=\"true\">\u003Cdiv>Small Claims\u003C/div>\u003Cdiv>Active\u003C/div>\u003C/td>\u003C/tr>\u003Ctr
        bgcolor=\"#EEEEEE\">\u003Ctd nowrap=\"true\" valign=\"top\">\u003Ca href=\"CaseDetail.aspx?CaseID=2291417\"
        style=\"color: blue\">J1-CV-20-001930\u003C/a>\u003C/td>\u003Ctd valign=\"top\">Kevin
        Kurkjian vs. Maria Jesus Cardozo Benitez\u003C/td>\u003Ctd valign=\"top\"
        nowrap=\"true\">\u003Cdiv>06/23/2020\u003C/div>\u003Cdiv>Precinct One\u003C/div>\u003C/td>\u003Ctd
        valign=\"top\" nowrap=\"true\">\u003Cdiv>Eviction\u003C/div>\u003Cdiv>Active\u003C/div>\u003C/td>\u003C/tr>\u003Ctr>\u003Ctd
        nowrap=\"true\" valign=\"top\">\u003Ca href=\"CaseDetail.aspx?CaseID=2291567\"
        style=\"color: blue\">J1-CV-20-001931\u003C/a>\u003C/td>\u003Ctd valign=\"top\">Conn
        Appliances Inc. vs. Alexis D. Campbell\u003C/td>\u003Ctd valign=\"top\" nowrap=\"true\">\u003Cdiv>06/24/2020\u003C/div>\u003Cdiv>Precinct
        One\u003C/div>\u003C/td>\u003Ctd valign=\"top\" nowrap=\"true\">\u003Cdiv>Debt
        Claim\u003C/div>\u003Cdiv>Active\u003C/div>\u003C/td>\u003C/tr>\u003Ctr bgcolor=\"#EEEEEE\">\u003Ctd
        nowrap=\"true\" valign=\"top\">\u003Ca href=\"CaseDetail.aspx?CaseID=2291568\"
        style=\"color: blue\">J1-CV-20-001932\u003C/a>\u003C/td>\u003Ctd valign=\"top\">Conn
        Appliances Inc. vs. Johnnie J. Garcia Jr., Jr.\u003C/td>\u003Ctd valign=\"top\"
        nowrap=\"true\">\u003Cdiv>06/24/2020\u003C/div>\u003Cdiv>Precinct One\u003C/div>\u003C/td>\u003Ctd
        valign=\"top\" nowrap=\"true\">\u003Cdiv>Debt Claim\u003C/div>\u003Cdiv>Dismissed\u003C/div>\u003C/td>\u003C/tr>\u003Ctr>\u003Ctd
        nowrap=\"true\" valign=\"top\">\u003Ca href=\"CaseDetail.aspx?CaseID=2291569\"
        style=\"color: blue\">J1-CV-20-001933\u003C/a>\u003C/td>\u003Ctd valign=\"top\">Credit
        Corp Solutions Inc. vs. Mallory Williams\u003C/td>\u003Ctd valign=\"top\"
        nowrap=\"true\">\u003Cdiv>06/24/2020\u003C/div>\u003Cdiv>Precinct One\u003C/div>\u003C/td>\u003Ctd
        valign=\"top\" nowrap=\"true\">\u003Cdiv>Debt Claim\u003C/div>\u003Cdiv>Active\u003C/div>\u003C/td>\u003C/tr>\u003Ctr
        bgcolor=\"#EEEEEE\">\u003Ctd nowrap=\"true\" valign=\"top\">\u003Ca href=\"CaseDetail.aspx?CaseID=2291570\"
        style=\"color: blue\">J1-CV-20-001934\u003C/a>\u003C/td>\u003Ctd valign=\"top\">Conn
        Appliances Inc. vs. Johnnie J. Garcia Jr., Jr.\u003C/td>\u003Ctd valign=\"top\"
        nowrap=\"true\">\u003Cdiv>06/24/2020\u003C/div>\u003Cdiv>Precinct One\u003C/div>\u003C/td>\u003Ctd
        valign=\"top\" nowrap=\"true\">\u003Cdiv>Debt Claim\u003C/div>\u003Cdiv>Dismissed\u003C/div>\u003C/td>\u003C/tr>\u003Ctr>\u003Ctd
        nowrap=\"true\" valign=\"top\">\u003Ca href=\"CaseDetail.aspx?CaseID=2291571\"
        style=\"color: blue\">J1-CV-20-001935\u003C/a>\u003C/td>\u003Ctd valign=\"top\">Credit
        Corp Solutions Inc. vs. Alejandro Vargas\u003C/td>\u003Ctd valign=\"top\"
        nowrap=\"true\">\u003Cdiv>06/24/2020\u003C/div>\u003Cdiv>Precinct One\u003C/div>\u003C/td>\u003Ctd
        valign=\"top\" nowrap=\"true\">\u003Cdiv>Debt Claim\u003C/div>\u003Cdiv>Dismissed\u003C/div>\u003C/td>\u003C/tr>\u003Ctr
        bgcolor=\"#EEEEEE\">\u003Ctd nowrap=\"true\" valign=\"top\">\u003Ca href=\"CaseDetail.aspx?CaseID=2291572\"
        style=\"color: blue\">J1-CV-20-001936\u003C/a>\u003C/td>\u003Ctd valign=\"top\">Credit
        Corp Solutions Inc. vs. Pedro Aguirre\u003C/td>\u003Ctd valign=\"top\" nowrap=\"true\">\u003Cdiv>06/24/2020\u003C/div>\u003Cdiv>Precinct
        One\u003C/div>\u003C/td>\u003Ctd valign=\"top\" nowrap=\"true\">\u003Cdiv>Debt
        Claim\u003C/div>\u003Cdiv>Active\u003C/div>\u003C/td>\u003C/tr>\u003Ctr>\u003Ctd
        nowrap=\"true\" valign=\"top\">\u003Ca href=\"CaseDetail.aspx?CaseID=2291573\"
        style=\"color: blue\">J1-CV-20-001937\u003C/a>\u003C/td>\u003Ctd valign=\"top\">Credit
        Corp Solutions Inc. vs. Reyes Rodriguez\u003C/td>\u003Ctd valign=\"top\" nowrap=\"true\">\u003Cdiv>06/24/2020\u003C/div>\u003Cdiv>Precinct
        One\u003C/div>\u003C/td>\u003Ctd valign=\"top\" nowrap=\"true\">\u003Cdiv>Debt
        Claim\u003C/div>\u003Cdiv>Active\u003C/div>\u003C/td>\u003C/tr>\u003Ctr bgcolor=\"#EEEEEE\">\u003Ctd
        nowrap=\"true\" valign=\"top\">\u003Ca href=\"CaseDetail.aspx?CaseID=2291574\"
        style=\"color: blue\">J1-CV-20-001938\u003C/a>\u003C/td>\u003Ctd valign=\"top\">Credit
        Corp Solutions Inc. vs. Amin Amer\u003C/td>\u003Ctd valign=\"top\" nowrap=\"true\">\u003Cdiv>06/24/2020\u003C/div>\u003Cdiv>Precinct
        One\u003C/div>\u003C/td>\u003Ctd valign=\"top\" nowrap=\"true\">\u003Cdiv>Debt
        Claim\u003C/div>\u003Cdiv>Active\u003C/div>\u003C/td>\u003C/tr>\u003Ctr>\u003Ctd
        nowrap=\"true\" valign=\"top\">\u003Ca href=\"CaseDetail.aspx?CaseID=2291575\"
        style=\"color: blue\">J1-CV-20-001939\u003C/a>\u003C/td>\u003Ctd valign=\"top\">Conn
        Appliances Inc. vs. Shatronda B. White\u003C/td>\u003Ctd valign=\"top\" nowrap=\"true\">\u003Cdiv>06/24/2020\u003C/div>\u003Cdiv>Precinct
        One\u003C/div>\u003C/td>\u003Ctd valign=\"top\" nowrap=\"true\">\u003Cdiv>Debt
        Claim\u003C/div>\u003Cdiv>Dismissed\u003C/div>\u003C/td>\u003C/tr>\u003Ctr
        bgcolor=\"#EEEEEE\">\u003Ctd nowrap=\"true\" valign=\"top\">\u003Ca href=\"CaseDetail.aspx?CaseID=2291576\"
        style=\"color: blue\">J1-CV-20-001940\u003C/a>\u003C/td>\u003Ctd valign=\"top\">Conn
        Appliances Inc. vs. Brittanie J. Varena\u003C/td>\u003Ctd valign=\"top\" nowrap=\"true\">\u003Cdiv>06/24/2020\u003C/div>\u003Cdiv>Precinct
        One\u003C/div>\u003C/td>\u003Ctd valign=\"top\" nowrap=\"true\">\u003Cdiv>Debt
        Claim\u003C/div>\u003Cdiv>Active\u003C/div>\u003C/td>\u003C/tr>\u003Ctr>\u003Ctd
        nowrap=\"true\" valign=\"top\">\u003Ca href=\"CaseDetail.aspx?CaseID=2291577\"
        style=\"color: blue\">J1-CV-20-001941\u003C/a>\u003C/td>\u003Ctd valign=\"top\">CITIBANK,
        N.A. vs. EDWARD W AREVALO\u003C/td>\u003Ctd valign=\"top\" nowrap=\"true\">\u003Cdiv>06/24/2020\u003C/div>\u003Cdiv>Precinct
        One\u003C/div>\u003C/td>\u003Ctd valign=\"top\" nowrap=\"true\">\u003Cdiv>Debt
        Claim\u003C/div>\u003Cdiv>Final Status\u003C/div>\u003C/td>\u003C/tr>\u003Ctr
        bgcolor=\"#EEEEEE\">\u003Ctd nowrap=\"true\" valign=\"top\">\u003Ca href=\"CaseDetail.aspx?CaseID=2291578\"
        style=\"color: blue\">J1-CV-20-001942\u003C/a>\u003C/td>\u003Ctd valign=\"top\">DEPARTMENT
        STORES NATIONAL BANK vs. JOHNNY L BUTLER\u003C/td>\u003Ctd valign=\"top\"
        nowrap=\"true\">\u003Cdiv>06/24/2020\u003C/div>\u003Cdiv>Precinct One\u003C/div>\u003C/td>\u003Ctd
        valign=\"top\" nowrap=\"true\">\u003Cdiv>Debt Claim\u003C/div>\u003Cdiv>Active\u003C/div>\u003C/td>\u003C/tr>\u003Ctr>\u003Ctd
        nowrap=\"true\" valign=\"top\">\u003Ca href=\"CaseDetail.aspx?CaseID=2292004\"
        style=\"color: blue\">J1-CV-20-001977\u003C/a>\u003C/td>\u003Ctd valign=\"top\">AVANTI
        SUMA, SUMA HOLDINGS, L.L.C. vs. LISA MARIE SCAVELLA\u003C/td>\u003Ctd valign=\"top\"
        nowrap=\"true\">\u003Cdiv>06/24/2020\u003C/div>\u003Cdiv>Precinct One\u003C/div>\u003C/td>\u003Ctd
        valign=\"top\" nowrap=\"true\">\u003Cdiv>Eviction\u003C/div>\u003Cdiv>Active\u003C/div>\u003C/td>\u003C/tr>\u003Ctr
        bgcolor=\"#EEEEEE\">\u003Ctd nowrap=\"true\" valign=\"top\">\u003Ca href=\"CaseDetail.aspx?CaseID=2291663\"
        style=\"color: blue\">J1-CV-20-001943\u003C/a>\u003C/td>\u003Ctd valign=\"top\">Velocity
        Investments, Llc vs. Gloria Deyanira Cordova\u003C/td>\u003Ctd valign=\"top\"
        nowrap=\"true\">\u003Cdiv>06/25/2020\u003C/div>\u003Cdiv>Precinct One\u003C/div>\u003C/td>\u003Ctd
        valign=\"top\" nowrap=\"true\">\u003Cdiv>Debt Claim\u003C/div>\u003Cdiv>Active\u003C/div>\u003C/td>\u003C/tr>\u003Ctr>\u003Ctd
        nowrap=\"true\" valign=\"top\">\u003Ca href=\"CaseDetail.aspx?CaseID=2291664\"
        style=\"color: blue\">J1-CV-20-001944\u003C/a>\u003C/td>\u003Ctd valign=\"top\">DEPARTMENT
        STORES NATIONAL BANK vs. ALYCIA BOCANEGRA\u003C/td>\u003Ctd valign=\"top\"
        nowrap=\"true\">\u003Cdiv>06/25/2020\u003C/div>\u003Cdiv>Precinct One\u003C/div>\u003C/td>\u003Ctd
        valign=\"top\" nowrap=\"true\">\u003Cdiv>Debt Claim\u003C/div>\u003Cdiv>Final
        Status\u003C/div>\u003C/td>\u003C/tr>\u003Ctr bgcolor=\"#EEEEEE\">\u003Ctd
        nowrap=\"true\" valign=\"top\">\u003Ca href=\"CaseDetail.aspx?CaseID=2291665\"
        style=\"color: blue\">J1-CV-20-001945\u003C/a>\u003C/td>\u003Ctd valign=\"top\">Conn
        Appliances Inc. vs. Jacklynn A. Andrus\u003C/td>\u003Ctd valign=\"top\" nowrap=\"true\">\u003Cdiv>06/25/2020\u003C/div>\u003Cdiv>Precinct
        One\u003C/div>\u003C/td>\u003Ctd valign=\"top\" nowrap=\"true\">\u003Cdiv>Debt
        Claim\u003C/div>\u003Cdiv>Active\u003C/div>\u003C/td>\u003C/tr>\u003Ctr>\u003Ctd
        nowrap=\"true\" valign=\"top\">\u003Ca href=\"CaseDetail.aspx?CaseID=2291666\"
        style=\"color: blue\">J1-CV-20-001946\u003C/a>\u003C/td>\u003Ctd valign=\"top\">Conn
        Appliances Inc. vs. Angelo Strogen\u003C/td>\u003Ctd valign=\"top\" nowrap=\"true\">\u003Cdiv>06/25/2020\u003C/div>\u003Cdiv>Precinct
        One\u003C/div>\u003C/td>\u003Ctd valign=\"top\" nowrap=\"true\">\u003Cdiv>Debt
        Claim\u003C/div>\u003Cdiv>Active\u003C/div>\u003C/td>\u003C/tr>\u003Ctr bgcolor=\"#EEEEEE\">\u003Ctd
        nowrap=\"true\" valign=\"top\">\u003Ca href=\"CaseDetail.aspx?CaseID=2291667\"
        style=\"color: blue\">J1-CV-20-001947\u003C/a>\u003C/td>\u003Ctd valign=\"top\">Conn
        Appliances Inc. vs. Timothy O. Jackson\u003C/td>\u003Ctd valign=\"top\" nowrap=\"true\">\u003Cdiv>06/25/2020\u003C/div>\u003Cdiv>Precinct
        One\u003C/div>\u003C/td>\u003Ctd valign=\"top\" nowrap=\"true\">\u003Cdiv>Debt
        Claim\u003C/div>\u003Cdiv>Active\u003C/div>\u003C/td>\u003C/tr>\u003Ctr>\u003Ctd
        nowrap=\"true\" valign=\"top\">\u003Ca href=\"CaseDetail.aspx?CaseID=2291668\"
        style=\"color: blue\">J1-CV-20-001948\u003C/a>\u003C/td>\u003Ctd valign=\"top\">Conn
        Appliances Inc. vs. Tara D. Johnson\u003C/td>\u003Ctd valign=\"top\" nowrap=\"true\">\u003Cdiv>06/25/2020\u003C/div>\u003Cdiv>Precinct
        One\u003C/div>\u003C/td>\u003Ctd valign=\"top\" nowrap=\"true\">\u003Cdiv>Debt
        Claim\u003C/div>\u003Cdiv>Active\u003C/div>\u003C/td>\u003C/tr>\u003Ctr bgcolor=\"#EEEEEE\">\u003Ctd
        nowrap=\"true\" valign=\"top\">\u003Ca href=\"CaseDetail.aspx?CaseID=2291669\"
        style=\"color: blue\">J1-CV-20-001949\u003C/a>\u003C/td>\u003Ctd valign=\"top\">Conn
        Appliances Inc. vs. Darian Gomez\u003C/td>\u003Ctd valign=\"top\" nowrap=\"true\">\u003Cdiv>06/25/2020\u003C/div>\u003Cdiv>Precinct
        One\u003C/div>\u003C/td>\u003Ctd valign=\"top\" nowrap=\"true\">\u003Cdiv>Debt
        Claim\u003C/div>\u003Cdiv>Active\u003C/div>\u003C/td>\u003C/tr>\u003Ctr>\u003Ctd
        nowrap=\"true\" valign=\"top\">\u003Ca href=\"CaseDetail.aspx?CaseID=2291844\"
        style=\"color: blue\">J1-CV-20-001950\u003C/a>\u003C/td>\u003Ctd valign=\"top\">
        Midland Credit Management Inc. vs. Adriana N Silva\u003C/td>\u003Ctd valign=\"top\"
        nowrap=\"true\">\u003Cdiv>06/26/2020\u003C/div>\u003Cdiv>Precinct One\u003C/div>\u003C/td>\u003Ctd
        valign=\"top\" nowrap=\"true\">\u003Cdiv>Debt Claim\u003C/div>\u003Cdiv>Active\u003C/div>\u003C/td>\u003C/tr>\u003Ctr
        bgcolor=\"#EEEEEE\">\u003Ctd nowrap=\"true\" valign=\"top\">\u003Ca href=\"CaseDetail.aspx?CaseID=2291845\"
        style=\"color: blue\">J1-CV-20-001951\u003C/a>\u003C/td>\u003Ctd valign=\"top\">MIDLAND
        CREDIT MANAGEMENT INC. vs. DANIEL ESCAMILLA\u003C/td>\u003Ctd valign=\"top\"
        nowrap=\"true\">\u003Cdiv>06/26/2020\u003C/div>\u003Cdiv>Precinct One\u003C/div>\u003C/td>\u003Ctd
        valign=\"top\" nowrap=\"true\">\u003Cdiv>Debt Claim\u003C/div>\u003Cdiv>Dismissed\u003C/div>\u003C/td>\u003C/tr>\u003Ctr>\u003Ctd
        nowrap=\"true\" valign=\"top\">\u003Ca href=\"CaseDetail.aspx?CaseID=2291846\"
        style=\"color: blue\">J1-CV-20-001952\u003C/a>\u003C/td>\u003Ctd valign=\"top\">MIDLAND
        CREDIT MANAGEMENT INC. vs. DAVID AMES\u003C/td>\u003Ctd valign=\"top\" nowrap=\"true\">\u003Cdiv>06/26/2020\u003C/div>\u003Cdiv>Precinct
        One\u003C/div>\u003C/td>\u003Ctd valign=\"top\" nowrap=\"true\">\u003Cdiv>Debt
        Claim\u003C/div>\u003Cdiv>Dismissed\u003C/div>\u003C/td>\u003C/tr>\u003Ctr
        bgcolor=\"#EEEEEE\">\u003Ctd nowrap=\"true\" valign=\"top\">\u003Ca href=\"CaseDetail.aspx?CaseID=2291847\"
        style=\"color: blue\">J1-CV-20-001953\u003C/a>\u003C/td>\u003Ctd valign=\"top\">Conn
        Appliances Inc. vs. Meagan R. Walker\u003C/td>\u003Ctd valign=\"top\" nowrap=\"true\">\u003Cdiv>06/26/2020\u003C/div>\u003Cdiv>Precinct
        One\u003C/div>\u003C/td>\u003Ctd valign=\"top\" nowrap=\"true\">\u003Cdiv>Debt
        Claim\u003C/div>\u003Cdiv>Active\u003C/div>\u003C/td>\u003C/tr>\u003Ctr>\u003Ctd
        nowrap=\"true\" valign=\"top\">\u003Ca href=\"CaseDetail.aspx?CaseID=2291848\"
        style=\"color: blue\">J1-CV-20-001954\u003C/a>\u003C/td>\u003Ctd valign=\"top\">Conn
        Appliances Inc. vs. Piedad A. Gutierrez\u003C/td>\u003Ctd valign=\"top\" nowrap=\"true\">\u003Cdiv>06/26/2020\u003C/div>\u003Cdiv>Precinct
        One\u003C/div>\u003C/td>\u003Ctd valign=\"top\" nowrap=\"true\">\u003Cdiv>Debt
        Claim\u003C/div>\u003Cdiv>Active\u003C/div>\u003C/td>\u003C/tr>\u003Ctr bgcolor=\"#EEEEEE\">\u003Ctd
        nowrap=\"true\" valign=\"top\">\u003Ca href=\"CaseDetail.aspx?CaseID=2291849\"
        style=\"color: blue\">J1-CV-20-001955\u003C/a>\u003C/td>\u003Ctd valign=\"top\">Conn
        Appliances Inc. vs. Brandon B. Santana\u003C/td>\u003Ctd valign=\"top\" nowrap=\"true\">\u003Cdiv>06/26/2020\u003C/div>\u003Cdiv>Precinct
        One\u003C/div>\u003C/td>\u003Ctd valign=\"top\" nowrap=\"true\">\u003Cdiv>Debt
        Claim\u003C/div>\u003Cdiv>Active\u003C/div>\u003C/td>\u003C/tr>\u003Ctr>\u003Ctd
        nowrap=\"true\" valign=\"top\">\u003Ca href=\"CaseDetail.aspx?CaseID=2291850\"
        style=\"color: blue\">J1-CV-20-001956\u003C/a>\u003C/td>\u003Ctd valign=\"top\">Conn
        Appliances Inc. vs. Carey J. Monroe\u003C/td>\u003Ctd valign=\"top\" nowrap=\"true\">\u003Cdiv>06/26/2020\u003C/div>\u003Cdiv>Precinct
        One\u003C/div>\u003C/td>\u003Ctd valign=\"top\" nowrap=\"true\">\u003Cdiv>Debt
        Claim\u003C/div>\u003Cdiv>Active\u003C/div>\u003C/td>\u003C/tr>\u003Ctr bgcolor=\"#EEEEEE\">\u003Ctd
        nowrap=\"true\" valign=\"top\">\u003Ca href=\"CaseDetail.aspx?CaseID=2291851\"
        style=\"color: blue\">J1-CV-20-001957\u003C/a>\u003C/td>\u003Ctd valign=\"top\">Velocity
        Investments, LLC Assignee Of Upstart Network, Inc. vs. INDIRA GONZALEZ DOMINGUEZ\u003C/td>\u003Ctd
        valign=\"top\" nowrap=\"true\">\u003Cdiv>06/26/2020\u003C/div>\u003Cdiv>Precinct
        One\u003C/div>\u003C/td>\u003Ctd valign=\"top\" nowrap=\"true\">\u003Cdiv>Debt
        Claim\u003C/div>\u003Cdiv>Final Status\u003C/div>\u003C/td>\u003C/tr>\u003Ctr>\u003Ctd
        nowrap=\"true\" valign=\"top\">\u003Ca href=\"CaseDetail.aspx?CaseID=2291853\"
        style=\"color: blue\">J1-CV-20-001958\u003C/a>\u003C/td>\u003Ctd valign=\"top\">Second
        Round Sub, LLC assignee of Comenity Bank (CATHERINES) vs. CAROLYN NNOKWAM\u003C/td>\u003Ctd
        valign=\"top\" nowrap=\"true\">\u003Cdiv>06/26/2020\u003C/div>\u003Cdiv>Precinct
        One\u003C/div>\u003C/td>\u003Ctd valign=\"top\" nowrap=\"true\">\u003Cdiv>Debt
        Claim\u003C/div>\u003Cdiv>Active\u003C/div>\u003C/td>\u003C/tr>\u003Ctr bgcolor=\"#EEEEEE\">\u003Ctd
        nowrap=\"true\" valign=\"top\">\u003Ca href=\"CaseDetail.aspx?CaseID=2291854\"
        style=\"color: blue\">J1-CV-20-001959\u003C/a>\u003C/td>\u003Ctd valign=\"top\">Second
        Round Sub, LLC assignee of Comenity Bank (AVENUE) vs. VICKIE R EASON\u003C/td>\u003Ctd
        valign=\"top\" nowrap=\"true\">\u003Cdiv>06/26/2020\u003C/div>\u003Cdiv>Precinct
        One\u003C/div>\u003C/td>\u003Ctd valign=\"top\" nowrap=\"true\">\u003Cdiv>Debt
        Claim\u003C/div>\u003Cdiv>Active\u003C/div>\u003C/td>\u003C/tr>\u003Ctr>\u003Ctd
        nowrap=\"true\" valign=\"top\">\u003Ca href=\"CaseDetail.aspx?CaseID=2291855\"
        style=\"color: blue\">J1-CV-20-001960\u003C/a>\u003C/td>\u003Ctd valign=\"top\">Crown
        Asset Management, LLC assignee of Santander Consumer USA Inc. vs. ERIC ORTEGA\u003C/td>\u003Ctd
        valign=\"top\" nowrap=\"true\">\u003Cdiv>06/26/2020\u003C/div>\u003Cdiv>Precinct
        One\u003C/div>\u003C/td>\u003Ctd valign=\"top\" nowrap=\"true\">\u003Cdiv>Debt
        Claim\u003C/div>\u003Cdiv>Final Status\u003C/div>\u003C/td>\u003C/tr>\u003Ctr
        bgcolor=\"#EEEEEE\">\u003Ctd nowrap=\"true\" valign=\"top\">\u003Ca href=\"CaseDetail.aspx?CaseID=2291857\"
        style=\"color: blue\">J1-CV-20-001961\u003C/a>\u003C/td>\u003Ctd valign=\"top\">PORTFOLIO
        RECOVERY ASSOCIATES, LLC vs. AZAIL PAYTE\u003C/td>\u003Ctd valign=\"top\"
        nowrap=\"true\">\u003Cdiv>06/26/2020\u003C/div>\u003Cdiv>Precinct One\u003C/div>\u003C/td>\u003Ctd
        valign=\"top\" nowrap=\"true\">\u003Cdiv>Debt Claim\u003C/div>\u003Cdiv>Dismissed\u003C/div>\u003C/td>\u003C/tr>\u003Ctr>\u003Ctd
        nowrap=\"true\" valign=\"top\">\u003Ca href=\"CaseDetail.aspx?CaseID=2291858\"
        style=\"color: blue\">J1-CV-20-001962\u003C/a>\u003C/td>\u003Ctd valign=\"top\">CITIBANK,
        N.A. vs. RANJITH LAKSHMAN\u003C/td>\u003Ctd valign=\"top\" nowrap=\"true\">\u003Cdiv>06/29/2020\u003C/div>\u003Cdiv>Precinct
        One\u003C/div>\u003C/td>\u003Ctd valign=\"top\" nowrap=\"true\">\u003Cdiv>Debt
        Claim\u003C/div>\u003Cdiv>Dismissed\u003C/div>\u003C/td>\u003C/tr>\u003Ctr
        bgcolor=\"#EEEEEE\">\u003Ctd nowrap=\"true\" valign=\"top\">\u003Ca href=\"CaseDetail.aspx?CaseID=2291859\"
        style=\"color: blue\">J1-CV-20-001963\u003C/a>\u003C/td>\u003Ctd valign=\"top\">PORTFOLIO
        RECOVERY ASSOCIATES, LLC vs. AZAIL PAYTE\u003C/td>\u003Ctd valign=\"top\"
        nowrap=\"true\">\u003Cdiv>06/29/2020\u003C/div>\u003Cdiv>Precinct One\u003C/div>\u003C/td>\u003Ctd
        valign=\"top\" nowrap=\"true\">\u003Cdiv>Debt Claim\u003C/div>\u003Cdiv>Dismissed\u003C/div>\u003C/td>\u003C/tr>\u003C/tbody>\u003C/table>\n  \n\n\u003C/body>\u003C/html>"}'
    headers:
      Content-Length:
      - '100717'
      Content-Type:
      - application/json; charset=utf-8
      cache-control:
      - no-cache
    status:
      code: 200
      message: OK
version: 1
